Archive member included to satisfy reference by file (symbol)

.\CortexM0\ARM_GCC_541\Debug\Led_Blink_Process.a(cyCapsense_Control.o)
                              .\CortexM0\ARM_GCC_541\Debug\rcos.o (cyCapsense_Start)
.\CortexM0\ARM_GCC_541\Debug\Led_Blink_Process.a(cyCapsense_Processing.o)
                              .\CortexM0\ARM_GCC_541\Debug\Led_Blink_Process.a(cyCapsense_Control.o) (cyCapsense_DpInitialize)
.\CortexM0\ARM_GCC_541\Debug\Led_Blink_Process.a(cyCapsense_Structure.o)
                              .\CortexM0\ARM_GCC_541\Debug\Led_Blink_Process.a(cyCapsense_Control.o) (cyCapsense_DsInitialize)
.\CortexM0\ARM_GCC_541\Debug\Led_Blink_Process.a(cyCapsense_Tuner.o)
                              .\CortexM0\ARM_GCC_541\Debug\Led_Blink_Process.a(cyCapsense_Control.o) (cyCapsense_TuInitialize)
.\CortexM0\ARM_GCC_541\Debug\Led_Blink_Process.a(cyCapsense_Filter.o)
                              .\CortexM0\ARM_GCC_541\Debug\Led_Blink_Process.a(cyCapsense_Control.o) (cyCapsense_InitializeAllBaselines)
.\CortexM0\ARM_GCC_541\Debug\Led_Blink_Process.a(cyCapsense_Sensing.o)
                              .\CortexM0\ARM_GCC_541\Debug\rcos.o (cyCapsense_IsBusy)
.\CortexM0\ARM_GCC_541\Debug\Led_Blink_Process.a(cyCapsense_SensingCSD_LL.o)
                              .\CortexM0\ARM_GCC_541\Debug\Led_Blink_Process.a(cyCapsense_Sensing.o) (cyCapsense_SsCSDInitialize)
.\CortexM0\ARM_GCC_541\Debug\Led_Blink_Process.a(cyLed_p43.o)
                              .\CortexM0\ARM_GCC_541\Debug\rcos.o (cyLed_p43_Write)
.\CortexM0\ARM_GCC_541\Debug\Led_Blink_Process.a(cyLed_p44.o)
                              .\CortexM0\ARM_GCC_541\Debug\rcos.o (cyLed_p44_Write)
.\CortexM0\ARM_GCC_541\Debug\Led_Blink_Process.a(cyLed_p45.o)
                              .\CortexM0\ARM_GCC_541\Debug\rcos.o (cyLed_p45_Write)
.\CortexM0\ARM_GCC_541\Debug\Led_Blink_Process.a(cyBuzzerPWM.o)
                              .\CortexM0\ARM_GCC_541\Debug\rcos.o (cyBuzzerPWM_Stop)
.\CortexM0\ARM_GCC_541\Debug\Led_Blink_Process.a(cySegA_p20.o)
                              .\CortexM0\ARM_GCC_541\Debug\rcos.o (cySegA_p20_Write)
.\CortexM0\ARM_GCC_541\Debug\Led_Blink_Process.a(cySegB_p21.o)
                              .\CortexM0\ARM_GCC_541\Debug\rcos.o (cySegB_p21_Write)
.\CortexM0\ARM_GCC_541\Debug\Led_Blink_Process.a(cySegC_p22.o)
                              .\CortexM0\ARM_GCC_541\Debug\rcos.o (cySegC_p22_Write)
.\CortexM0\ARM_GCC_541\Debug\Led_Blink_Process.a(cySegD_p23.o)
                              .\CortexM0\ARM_GCC_541\Debug\rcos.o (cySegD_p23_Write)
.\CortexM0\ARM_GCC_541\Debug\Led_Blink_Process.a(cySegE_p24.o)
                              .\CortexM0\ARM_GCC_541\Debug\rcos.o (cySegE_p24_Write)
.\CortexM0\ARM_GCC_541\Debug\Led_Blink_Process.a(cySegF_p25.o)
                              .\CortexM0\ARM_GCC_541\Debug\rcos.o (cySegF_p25_Write)
.\CortexM0\ARM_GCC_541\Debug\Led_Blink_Process.a(cySegG_p26.o)
                              .\CortexM0\ARM_GCC_541\Debug\rcos.o (cySegG_p26_Write)
.\CortexM0\ARM_GCC_541\Debug\Led_Blink_Process.a(cyDigit1_p34.o)
                              .\CortexM0\ARM_GCC_541\Debug\rcos.o (cyDigit1_p34_Write)
.\CortexM0\ARM_GCC_541\Debug\Led_Blink_Process.a(cyDigit2_p35.o)
                              .\CortexM0\ARM_GCC_541\Debug\rcos.o (cyDigit2_p35_Write)
.\CortexM0\ARM_GCC_541\Debug\Led_Blink_Process.a(cyCol1_p03.o)
                              .\CortexM0\ARM_GCC_541\Debug\rcos.o (cyCol1_p03_Write)
.\CortexM0\ARM_GCC_541\Debug\Led_Blink_Process.a(cyCol2_p02.o)
                              .\CortexM0\ARM_GCC_541\Debug\rcos.o (cyCol2_p02_Write)
.\CortexM0\ARM_GCC_541\Debug\Led_Blink_Process.a(cyCol3_p01.o)
                              .\CortexM0\ARM_GCC_541\Debug\rcos.o (cyCol3_p01_Write)
.\CortexM0\ARM_GCC_541\Debug\Led_Blink_Process.a(cyCol4_p00.o)
                              .\CortexM0\ARM_GCC_541\Debug\rcos.o (cyCol4_p00_Write)
.\CortexM0\ARM_GCC_541\Debug\Led_Blink_Process.a(cyCapsense_ISR.o)
                              .\CortexM0\ARM_GCC_541\Debug\Led_Blink_Process.a(cyCapsense_Sensing.o) (cyCapsense_ISR_StartEx)
.\CortexM0\ARM_GCC_541\Debug\Led_Blink_Process.a(CyLib.o)
                              .\CortexM0\ARM_GCC_541\Debug\cyfitter_cfg.o (CyIntEnable)
.\CortexM0\ARM_GCC_541\Debug\Led_Blink_Process.a(CyLFClk.o)
                              .\CortexM0\ARM_GCC_541\Debug\Led_Blink_Process.a(CyLib.o) (CySysClkWcoEnabled)
.\CortexM0\ARM_GCC_541\Debug\Led_Blink_Process.a(CyBootAsmGnu.o)
                              .\CortexM0\ARM_GCC_541\Debug\Led_Blink_Process.a(cyCapsense_SensingCSD_LL.o) (CyDelayCycles)
.\CortexM0\ARM_GCC_541\Debug\Led_Blink_Process.a(cyCapsense_INT.o)
                              .\CortexM0\ARM_GCC_541\Debug\Led_Blink_Process.a(cyCapsense_SensingCSD_LL.o) (cyCapsense_CSDPostSingleScan)
.\CortexM0\ARM_GCC_541\Debug\Led_Blink_Process.a(CyFlash.o)
                              .\CortexM0\ARM_GCC_541\Debug\Led_Blink_Process.a(CyLib.o) (CySysFlashSetWaitCycles)
[...]
Memory Configuration

Name             Origin             Length             Attributes
rom              0x00000000         0x00040000         xr
ram              0x20000000         0x00008000         xrw
*default*        0x00000000         0xffffffff

Linker script and memory map

LOAD c:/program files (x86)/cypress/psoc creator/4.4/psoc creator/import/gnu/arm/5.4.1/bin/../lib/gcc/arm-none-eabi/5.4.1/armv6-m/crti.o
LOAD c:/program files (x86)/cypress/psoc creator/4.4/psoc creator/import/gnu/arm/5.4.1/bin/../lib/gcc/arm-none-eabi/5.4.1/armv6-m/crtbegin.o
LOAD c:/program files (x86)/cypress/psoc creator/4.4/psoc creator/import/gnu/arm/5.4.1/bin/../lib/gcc/arm-none-eabi/5.4.1/../../../../arm-none-eabi/lib/armv6-m/crt0.o
START GROUP
LOAD .\CortexM0\ARM_GCC_541\Debug\platform.o
LOAD .\CortexM0\ARM_GCC_541\Debug\sevensegmentdisplay.o
LOAD .\CortexM0\ARM_GCC_541\Debug\encoder.o
LOAD .\CortexM0\ARM_GCC_541\Debug\process_ui.o
LOAD .\CortexM0\ARM_GCC_541\Debug\greenledprocess.o
LOAD .\CortexM0\ARM_GCC_541\Debug\redledprocess.o
LOAD .\CortexM0\ARM_GCC_541\Debug\main.o
LOAD .\CortexM0\ARM_GCC_541\Debug\rcos.o
LOAD .\CortexM0\ARM_GCC_541\Debug\cyfitter_cfg.o
LOAD .\CortexM0\ARM_GCC_541\Debug\cymetadata.o
LOAD .\CortexM0\ARM_GCC_541\Debug\Cm0Start.o
LOAD .\CortexM0\ARM_GCC_541\Debug\Led_Blink_Process.a
LOAD C:\Program Files (x86)\Cypress\PSoC Creator\4.4\PSoC Creator\psoc\content\CyComponentLibrary\CyComponentLibrary.cylib\CapSense_P4_v6_0\PSoC4\Library\Capsense_P4Library_GCC.a
LOAD .\RCOS\Platforms\Cypress\psoc4\lib_psoc4_C_2.0.1_L.0.1.6_release.a
END GROUP
START GROUP
LOAD c:/program files (x86)/cypress/psoc creator/4.4/psoc creator/import/gnu/arm/5.4.1/bin/../lib/gcc/arm-none-eabi/5.4.1/armv6-m\libgcc.a
LOAD c:/program files (x86)/cypress/psoc creator/4.4/psoc creator/import/gnu/arm/5.4.1/bin/../lib/gcc/arm-none-eabi/5.4.1/../../../../arm-none-eabi/lib/armv6-m\libg_nano.a
LOAD c:/program files (x86)/cypress/psoc creator/4.4/psoc creator/import/gnu/arm/5.4.1/bin/../lib/gcc/arm-none-eabi/5.4.1/../../../../arm-none-eabi/lib/armv6-m\libc_nano.a
END GROUP
START GROUP
LOAD c:/program files (x86)/cypress/psoc creator/4.4/psoc creator/import/gnu/arm/5.4.1/bin/../lib/gcc/arm-none-eabi/5.4.1/armv6-m\libgcc.a
LOAD c:/program files (x86)/cypress/psoc creator/4.4/psoc creator/import/gnu/arm/5.4.1/bin/../lib/gcc/arm-none-eabi/5.4.1/../../../../arm-none-eabi/lib/armv6-m\libc_nano.a
END GROUP
LOAD c:/program files (x86)/cypress/psoc creator/4.4/psoc creator/import/gnu/arm/5.4.1/bin/../lib/gcc/arm-none-eabi/5.4.1/armv6-m/crtend.o
LOAD c:/program files (x86)/cypress/psoc creator/4.4/psoc creator/import/gnu/arm/5.4.1/bin/../lib/gcc/arm-none-eabi/5.4.1/armv6-m/crtn.o
START GROUP
LOAD c:/program files (x86)/cypress/psoc creator/4.4/psoc creator/import/gnu/arm/5.4.1/bin/../lib/gcc/arm-none-eabi/5.4.1/armv6-m\libgcc.a
LOAD c:/program files (x86)/cypress/psoc creator/4.4/psoc creator/import/gnu/arm/5.4.1/bin/../lib/gcc/arm-none-eabi/5.4.1/../../../../arm-none-eabi/lib/armv6-m\libc.a
LOAD c:/program files (x86)/cypress/psoc creator/4.4/psoc creator/import/gnu/arm/5.4.1/bin/../lib/gcc/arm-none-eabi/5.4.1/../../../../arm-none-eabi/lib/armv6-m\libnosys.a
END GROUP
                0x00000000                CY_APPL_ORIGIN = 0x0
                0x00000100                CY_FLASH_ROW_SIZE = 0x100
                0x00000001                CY_APPL_NUM = 0x1
                0x00000001                CY_APPL_MAX = 0x1
                0x00000040                CY_METADATA_SIZE = 0x40
                0x00000000                CY_APPL_LOADABLE = 0x0
                0x00000000                CY_CHECKSUM_EXCLUDE_SIZE = ALIGN (0x0, CY_FLASH_ROW_SIZE)
                0x00000000                CY_APP_FOR_STACK_AND_COPIER = 0x0
                [!provide]                PROVIDE (__cy_heap_start, _end)
                0x00000001                PROVIDE (__cy_region_num, ((__cy_regions_end - __cy_regions) / 0x10))
                0x20008000                PROVIDE (__cy_stack, (ORIGIN (ram) + LENGTH (ram)))
                [!provide]                PROVIDE (__cy_heap_end, (__cy_stack - 0x800))

.cybootloader   0x00000000        0x0
 *(.cybootloader)
                0x00000000                appl1_start = CY_APPL_ORIGIN?CY_APPL_ORIGIN:ALIGN (CY_FLASH_ROW_SIZE)
                0x0001ff00                appl2_start = (appl1_start + ALIGN ((((LENGTH (rom) - appl1_start) - (0x2 * CY_FLASH_ROW_SIZE)) / 0x2), CY_FLASH_ROW_SIZE))
                0x00000000                appl_start = (CY_APPL_NUM == 0x1)?appl1_start:appl2_start
                0x00000001                cy_project_type_bootloader = (appl_start == 0x0)?0x1:0x0
                0x00000000                cy_project_type_app_for_stack_and_copier = (CY_APP_FOR_STACK_AND_COPIER == 0x1)?0x1:0x0

.text           0x00000000     0x39aa
 CREATE_OBJECT_SYMBOLS
                0x00000000                PROVIDE (__cy_interrupt_vector, RomVectors)
 *(.romvectors)
 .romvectors    0x00000000       0x10 .\CortexM0\ARM_GCC_541\Debug\Cm0Start.o
                0x00000000                RomVectors
                0x00000001                ASSERT ((. != __cy_interrupt_vector), No interrupt vector)
                0x00000001                ASSERT (CY_APPL_ORIGIN?(SIZEOF (.cybootloader) <= CY_APPL_ORIGIN):0x1, Wrong image location)
                0x00000010                PROVIDE (__cy_reset, Reset)
 *(.text.Reset)
 .text.Reset    0x00000010        0x8 .\CortexM0\ARM_GCC_541\Debug\Cm0Start.o
                0x00000010                Reset
                0x00000001                ASSERT ((. != __cy_reset), No reset code)
 *(.psocinit)
 .psocinit      0x00000018      0x224 .\CortexM0\ARM_GCC_541\Debug\cyfitter_cfg.o
                0x000000e8                cyfitter_cfg
                0x0000023c                . = MAX (., 0x100)
 *(.text .text.* .gnu.linkonce.t.*)
 .text          0x0000023c       0x60 c:/program files (x86)/cypress/psoc creator/4.4/psoc creator/import/gnu/arm/5.4.1/bin/../lib/gcc/arm-none-eabi/5.4.1/armv6-m/crtbegin.o
 .text.globalIntEnable
                0x0000029c        0x4 .\CortexM0\ARM_GCC_541\Debug\platform.o
                0x0000029c                globalIntEnable
 .text.platformInit
                0x000002a0       0x18 .\CortexM0\ARM_GCC_541\Debug\platform.o
                0x000002a0                platformInit
 .text.globalIntDisable
                0x000002b8        0x4 .\CortexM0\ARM_GCC_541\Debug\platform.o
                0x000002b8                globalIntDisable
 .text.isIsrActive
                0x000002bc       0x14 .\CortexM0\ARM_GCC_541\Debug\platform.o
                0x000002bc                isIsrActive
 .text.sevenSegmentDisplayThread
                0x000002d0       0x2c .\CortexM0\ARM_GCC_541\Debug\sevensegmentdisplay.o
 .text.sevenSegmentDisplayDeinit
                0x000002fc        0xc .\CortexM0\ARM_GCC_541\Debug\sevensegmentdisplay.o
 .text.sevenSegmentDisplayGet
                0x00000308        0x4 .\CortexM0\ARM_GCC_541\Debug\sevensegmentdisplay.o
 .text.sevenSegmentDisplayPut
                0x0000030c       0x20 .\CortexM0\ARM_GCC_541\Debug\sevensegmentdisplay.o
 .text.sevenSegmentDisplayHandler
                0x0000032c       0x5c .\CortexM0\ARM_GCC_541\Debug\sevensegmentdisplay.o
 .text.sevenSegmentDisplayInit
                0x00000388       0x18 .\CortexM0\ARM_GCC_541\Debug\sevensegmentdisplay.o
 .text.sevenSegmentDisplayProcessInit
                0x000003a0       0x38 .\CortexM0\ARM_GCC_541\Debug\sevensegmentdisplay.o
                0x000003a0                sevenSegmentDisplayProcessInit
 .text.sevenSegmentDisplayProcessDeinit
                0x000003d8       0x18 .\CortexM0\ARM_GCC_541\Debug\sevensegmentdisplay.o
                0x000003d8                sevenSegmentDisplayProcessDeinit
 .text.encoderDeinit
                0x000003f0        0xc .\CortexM0\ARM_GCC_541\Debug\encoder.o
 .text.encoderPut
                0x000003fc        0x4 .\CortexM0\ARM_GCC_541\Debug\encoder.o
 .text.encoderGet
                0x00000400       0x44 .\CortexM0\ARM_GCC_541\Debug\encoder.o
 .text.encoderInit
                0x00000444       0x30 .\CortexM0\ARM_GCC_541\Debug\encoder.o
 .text.processUiThread
                0x00000474       0x2c .\CortexM0\ARM_GCC_541\Debug\process_ui.o
 .text.processUiHandler
                0x000004a0       0xc0 .\CortexM0\ARM_GCC_541\Debug\process_ui.o
 .text.processUiInit
                0x00000560       0x60 .\CortexM0\ARM_GCC_541\Debug\process_ui.o
                0x00000560                processUiInit
 .text.processUiDeinit
                0x000005c0       0x18 .\CortexM0\ARM_GCC_541\Debug\process_ui.o
                0x000005c0                processUiDeinit
 .text.greenLedProcessThread
                0x000005d8       0x2c .\CortexM0\ARM_GCC_541\Debug\greenledprocess.o
 .text.greenLedProcessInit
                0x00000604       0x3c .\CortexM0\ARM_GCC_541\Debug\greenledprocess.o
                0x00000604                greenLedProcessInit
 .text.greenLedProcessDeinit
                0x00000640       0x18 .\CortexM0\ARM_GCC_541\Debug\greenledprocess.o
                0x00000640                greenLedProcessDeinit
 .text.ledGreenHandler
                0x00000658       0x2c .\CortexM0\ARM_GCC_541\Debug\greenledprocess.o
                0x00000658                ledGreenHandler
 .text.greenLedProcessHandler
                0x00000684       0x28 .\CortexM0\ARM_GCC_541\Debug\greenledprocess.o
 .text.redLedProcessThread
                0x000006ac       0x2c .\CortexM0\ARM_GCC_541\Debug\redledprocess.o
 .text.redLedProcessInit
                0x000006d8       0x3c .\CortexM0\ARM_GCC_541\Debug\redledprocess.o
                0x000006d8                redLedProcessInit
 .text.redLedProcessDeinit
                0x00000714       0x18 .\CortexM0\ARM_GCC_541\Debug\redledprocess.o
                0x00000714                redLedProcessDeinit
 .text.ledRedHandler
                0x0000072c       0x2c .\CortexM0\ARM_GCC_541\Debug\redledprocess.o
                0x0000072c                ledRedHandler
 .text.redLedProcessHandler
                0x00000758       0x28 .\CortexM0\ARM_GCC_541\Debug\redledprocess.o
 .text.main     0x00000780        0xc .\CortexM0\ARM_GCC_541\Debug\main.o
                0x00000780                main
 .text.tickStart
                0x0000078c       0x14 .\CortexM0\ARM_GCC_541\Debug\rcos.o
                0x0000078c                tickStart
 .text.wdtRefresh
                0x000007a0        0xc .\CortexM0\ARM_GCC_541\Debug\rcos.o
                0x000007a0                wdtRefresh
 .text.wdtStart
                0x000007ac        0xc .\CortexM0\ARM_GCC_541\Debug\rcos.o
                0x000007ac                wdtStart
 .text.wdtStop  0x000007b8        0xc .\CortexM0\ARM_GCC_541\Debug\rcos.o
                0x000007b8                wdtStop
 .text.rcosMainLoop
                0x000007c4       0x70 .\CortexM0\ARM_GCC_541\Debug\rcos.o
                0x000007c4                rcosMainLoop
 .text.cfg_write_bytes32
                0x00000834       0x34 .\CortexM0\ARM_GCC_541\Debug\cyfitter_cfg.o
 .text.CYMEMZERO
                0x00000868        0xc .\CortexM0\ARM_GCC_541\Debug\cyfitter_cfg.o
 .text.SetAnalogRoutingPumps
                0x00000874       0x40 .\CortexM0\ARM_GCC_541\Debug\cyfitter_cfg.o
                0x00000874                SetAnalogRoutingPumps
 .text.AnalogSetDefault
                0x000008b4       0x28 .\CortexM0\ARM_GCC_541\Debug\cyfitter_cfg.o
 .text.IntDefaultHandler
                0x000008dc       0x10 .\CortexM0\ARM_GCC_541\Debug\Cm0Start.o
                0x000008dc                IntDefaultHandler
 .text.Start_c  0x000008ec       0x48 .\CortexM0\ARM_GCC_541\Debug\Cm0Start.o
                0x000008ec                Start_c
 .text.initialize_psoc
                0x00000934       0x4c .\CortexM0\ARM_GCC_541\Debug\Cm0Start.o
                0x00000934                initialize_psoc
 .text.cyCapsense_Initialize
                0x00000980       0x28 .\CortexM0\ARM_GCC_541\Debug\Led_Blink_Process.a(cyCapsense_Control.o)
                0x00000980                cyCapsense_Initialize
 .text.cyCapsense_Start
                0x000009a8       0x34 .\CortexM0\ARM_GCC_541\Debug\Led_Blink_Process.a(cyCapsense_Control.o)
                0x000009a8                cyCapsense_Start
 .text.cyCapsense_Stop
                0x000009dc       0x10 .\CortexM0\ARM_GCC_541\Debug\Led_Blink_Process.a(cyCapsense_Control.o)
                0x000009dc                cyCapsense_Stop
 .text.cyCapsense_ProcessAllWidgets
                0x000009ec       0x44 .\CortexM0\ARM_GCC_541\Debug\Led_Blink_Process.a(cyCapsense_Control.o)
                0x000009ec                cyCapsense_ProcessAllWidgets
 .text.cyCapsense_DpInitialize
                0x00000a30       0x58 .\CortexM0\ARM_GCC_541\Debug\Led_Blink_Process.a(cyCapsense_Processing.o)
                0x00000a30                cyCapsense_DpInitialize
 .text.cyCapsense_DpUpdateThresholds
                0x00000a88       0x34 .\CortexM0\ARM_GCC_541\Debug\Led_Blink_Process.a(cyCapsense_Processing.o)
                0x00000a88                cyCapsense_DpUpdateThresholds
 .text.cyCapsense_DpUpdateDifferences
                0x00000abc       0x18 .\CortexM0\ARM_GCC_541\Debug\Led_Blink_Process.a(cyCapsense_Processing.o)
                0x00000abc                cyCapsense_DpUpdateDifferences
 .text.cyCapsense_DpProcessCsdWidgetRawCounts
                0x00000ad4       0x90 .\CortexM0\ARM_GCC_541\Debug\Led_Blink_Process.a(cyCapsense_Processing.o)
                0x00000ad4                cyCapsense_DpProcessCsdWidgetRawCounts
 .text.cyCapsense_DpProcessButton
                0x00000b64       0x64 .\CortexM0\ARM_GCC_541\Debug\Led_Blink_Process.a(cyCapsense_Processing.o)
                0x00000b64                cyCapsense_DpProcessButton
 .text.cyCapsense_DpProcessCsdWidgetStatus
                0x00000bc8       0x58 .\CortexM0\ARM_GCC_541\Debug\Led_Blink_Process.a(cyCapsense_Processing.o)
                0x00000bc8                cyCapsense_DpProcessCsdWidgetStatus
 .text.cyCapsense_DsInitialize
                0x00000c20       0x40 .\CortexM0\ARM_GCC_541\Debug\Led_Blink_Process.a(cyCapsense_Structure.o)
                0x00000c20                cyCapsense_DsInitialize
 .text.cyCapsense_IsSensorActive
                0x00000c60       0x30 .\CortexM0\ARM_GCC_541\Debug\Led_Blink_Process.a(cyCapsense_Structure.o)
                0x00000c60                cyCapsense_IsSensorActive
 .text.cyCapsense_TuInitialize
                0x00000c90       0x14 .\CortexM0\ARM_GCC_541\Debug\Led_Blink_Process.a(cyCapsense_Tuner.o)
                0x00000c90                cyCapsense_TuInitialize
 .text.cyCapsense_FtInitializeBaselineChannel
                0x00000ca4       0x20 .\CortexM0\ARM_GCC_541\Debug\Led_Blink_Process.a(cyCapsense_Filter.o)
                0x00000ca4                cyCapsense_FtInitializeBaselineChannel
 .text.cyCapsense_FtInitializeBaseline
                0x00000cc4       0x20 .\CortexM0\ARM_GCC_541\Debug\Led_Blink_Process.a(cyCapsense_Filter.o)
                0x00000cc4                cyCapsense_FtInitializeBaseline
 .text.cyCapsense_InitializeSensorBaseline
                0x00000ce4       0x20 .\CortexM0\ARM_GCC_541\Debug\Led_Blink_Process.a(cyCapsense_Filter.o)
                0x00000ce4                cyCapsense_InitializeSensorBaseline
 .text.cyCapsense_InitializeWidgetBaseline
                0x00000d04       0x24 .\CortexM0\ARM_GCC_541\Debug\Led_Blink_Process.a(cyCapsense_Filter.o)
                0x00000d04                cyCapsense_InitializeWidgetBaseline
 .text.cyCapsense_InitializeAllBaselines
                0x00000d28       0x18 .\CortexM0\ARM_GCC_541\Debug\Led_Blink_Process.a(cyCapsense_Filter.o)
                0x00000d28                cyCapsense_InitializeAllBaselines
 .text.cyCapsense_InitializeAverageInternal
                0x00000d40       0x2c .\CortexM0\ARM_GCC_541\Debug\Led_Blink_Process.a(cyCapsense_Filter.o)
                0x00000d40                cyCapsense_InitializeAverageInternal
 .text.cyCapsense_InitializeWidgetFilter
                0x00000d6c       0x70 .\CortexM0\ARM_GCC_541\Debug\Led_Blink_Process.a(cyCapsense_Filter.o)
                0x00000d6c                cyCapsense_InitializeWidgetFilter
 .text.cyCapsense_InitializeAllFilters
                0x00000ddc       0x18 .\CortexM0\ARM_GCC_541\Debug\Led_Blink_Process.a(cyCapsense_Filter.o)
                0x00000ddc                cyCapsense_InitializeAllFilters
 .text.cyCapsense_FtInitialize
                0x00000df4        0x8 .\CortexM0\ARM_GCC_541\Debug\Led_Blink_Process.a(cyCapsense_Filter.o)
                0x00000df4                cyCapsense_FtInitialize
 .text.cyCapsense_RunAverageInternal
                0x00000dfc       0x50 .\CortexM0\ARM_GCC_541\Debug\Led_Blink_Process.a(cyCapsense_Filter.o)
                0x00000dfc                cyCapsense_RunAverageInternal
 .text.cyCapsense_FtRunEnabledFiltersInternal
                0x00000e4c        0x8 .\CortexM0\ARM_GCC_541\Debug\Led_Blink_Process.a(cyCapsense_Filter.o)
                0x00000e4c                cyCapsense_FtRunEnabledFiltersInternal
 .text.cyCapsense_FtIIR1stOrder
                0x00000e54       0x14 .\CortexM0\ARM_GCC_541\Debug\Led_Blink_Process.a(cyCapsense_Filter.o)
                0x00000e54                cyCapsense_FtIIR1stOrder
 .text.cyCapsense_FtUpdateBaseline
                0x00000e68       0xa0 .\CortexM0\ARM_GCC_541\Debug\Led_Blink_Process.a(cyCapsense_Filter.o)
                0x00000e68                cyCapsense_FtUpdateBaseline
 .text.cyCapsense_SsTrimIdacsSourcing
                0x00000f08       0x20 .\CortexM0\ARM_GCC_541\Debug\Led_Blink_Process.a(cyCapsense_Sensing.o)
 .text.cyCapsense_SsTrimIdacs
                0x00000f28        0x8 .\CortexM0\ARM_GCC_541\Debug\Led_Blink_Process.a(cyCapsense_Sensing.o)
 .text.cyCapsense_SsSetWidgetSenseClkSrc
                0x00000f30        0x8 .\CortexM0\ARM_GCC_541\Debug\Led_Blink_Process.a(cyCapsense_Sensing.o)
 .text.cyCapsense_SsCSDDisableMode
                0x00000f38       0x1c .\CortexM0\ARM_GCC_541\Debug\Led_Blink_Process.a(cyCapsense_Sensing.o)
 .text.cyCapsense_IsBusy
                0x00000f54       0x10 .\CortexM0\ARM_GCC_541\Debug\Led_Blink_Process.a(cyCapsense_Sensing.o)
                0x00000f54                cyCapsense_IsBusy
 .text.cyCapsense_SetupWidget
                0x00000f64       0x40 .\CortexM0\ARM_GCC_541\Debug\Led_Blink_Process.a(cyCapsense_Sensing.o)
                0x00000f64                cyCapsense_SetupWidget
 .text.cyCapsense_Scan
                0x00000fa4       0x2c .\CortexM0\ARM_GCC_541\Debug\Led_Blink_Process.a(cyCapsense_Sensing.o)
                0x00000fa4                cyCapsense_Scan
 .text.cyCapsense_ScanAllWidgets
                0x00000fd0       0x48 .\CortexM0\ARM_GCC_541\Debug\Led_Blink_Process.a(cyCapsense_Sensing.o)
                0x00000fd0                cyCapsense_ScanAllWidgets
 .text.cyCapsense_SsSwitchSensingMode
                0x00001018       0x3c .\CortexM0\ARM_GCC_541\Debug\Led_Blink_Process.a(cyCapsense_Sensing.o)
                0x00001018                cyCapsense_SsSwitchSensingMode
 .text.cyCapsense_SsSetIOsInDefaultState
                0x00001054       0x40 .\CortexM0\ARM_GCC_541\Debug\Led_Blink_Process.a(cyCapsense_Sensing.o)
                0x00001054                cyCapsense_SsSetIOsInDefaultState
 .text.cyCapsense_SsPostAllWidgetsScan
                0x00001094       0x78 .\CortexM0\ARM_GCC_541\Debug\Led_Blink_Process.a(cyCapsense_Sensing.o)
                0x00001094                cyCapsense_SsPostAllWidgetsScan
 .text.cyCapsense_SsSetModClkClockDivider
                0x0000110c       0x30 .\CortexM0\ARM_GCC_541\Debug\Led_Blink_Process.a(cyCapsense_Sensing.o)
                0x0000110c                cyCapsense_SsSetModClkClockDivider
 .text.cyCapsense_SsSetSnsClockDivider
                0x0000113c       0x30 .\CortexM0\ARM_GCC_541\Debug\Led_Blink_Process.a(cyCapsense_Sensing.o)
                0x0000113c                cyCapsense_SsSetSnsClockDivider
 .text.cyCapsense_SsAutoTune
                0x0000116c      0x134 .\CortexM0\ARM_GCC_541\Debug\Led_Blink_Process.a(cyCapsense_Sensing.o)
                0x0000116c                cyCapsense_SsAutoTune
 .text.cyCapsense_SsInitializeSourceSenseClk
                0x000012a0       0x20 .\CortexM0\ARM_GCC_541\Debug\Led_Blink_Process.a(cyCapsense_Sensing.o)
                0x000012a0                cyCapsense_SsInitializeSourceSenseClk
 .text.cyCapsense_SsInitialize
                0x000012c0       0x18 .\CortexM0\ARM_GCC_541\Debug\Led_Blink_Process.a(cyCapsense_Sensing.o)
                0x000012c0                cyCapsense_SsInitialize
 .text.cyCapsense_SsClearCSDSensors
                0x000012d8       0x38 .\CortexM0\ARM_GCC_541\Debug\Led_Blink_Process.a(cyCapsense_Sensing.o)
                0x000012d8                cyCapsense_SsClearCSDSensors
 .text.cyCapsense_SsCSDConfigIDACs
                0x00001310       0x1c .\CortexM0\ARM_GCC_541\Debug\Led_Blink_Process.a(cyCapsense_SensingCSD_LL.o)
 .text.cyCapsense_SsCSDCalibrateCheck
                0x0000132c       0x44 .\CortexM0\ARM_GCC_541\Debug\Led_Blink_Process.a(cyCapsense_SensingCSD_LL.o)
 .text.cyCapsense_SsCSDSetModeSnsClockDivider
                0x00001370       0x1c .\CortexM0\ARM_GCC_541\Debug\Led_Blink_Process.a(cyCapsense_SensingCSD_LL.o)
 .text.cyCapsense_SsCSDInitialize
                0x0000138c       0x3c .\CortexM0\ARM_GCC_541\Debug\Led_Blink_Process.a(cyCapsense_SensingCSD_LL.o)
                0x0000138c                cyCapsense_SsCSDInitialize
 .text.cyCapsense_SsCSDSetUpIdacs
                0x000013c8       0x2c .\CortexM0\ARM_GCC_541\Debug\Led_Blink_Process.a(cyCapsense_SensingCSD_LL.o)
                0x000013c8                cyCapsense_SsCSDSetUpIdacs
 .text.cyCapsense_SsCSDConfigClock
                0x000013f4       0x30 .\CortexM0\ARM_GCC_541\Debug\Led_Blink_Process.a(cyCapsense_SensingCSD_LL.o)
                0x000013f4                cyCapsense_SsCSDConfigClock
 .text.cyCapsense_SsCSDCalculateScanDuration
                0x00001424       0x14 .\CortexM0\ARM_GCC_541\Debug\Led_Blink_Process.a(cyCapsense_SensingCSD_LL.o)
                0x00001424                cyCapsense_SsCSDCalculateScanDuration
 .text.cyCapsense_SsCSDStartSample
                0x00001438       0xb8 .\CortexM0\ARM_GCC_541\Debug\Led_Blink_Process.a(cyCapsense_SensingCSD_LL.o)
                0x00001438                cyCapsense_SsCSDStartSample
 .text.cyCapsense_CSDScanExt
                0x000014f0       0x1c .\CortexM0\ARM_GCC_541\Debug\Led_Blink_Process.a(cyCapsense_SensingCSD_LL.o)
                0x000014f0                cyCapsense_CSDScanExt
 .text.cyCapsense_CSDConnectSns
                0x0000150c       0x34 .\CortexM0\ARM_GCC_541\Debug\Led_Blink_Process.a(cyCapsense_SensingCSD_LL.o)
                0x0000150c                cyCapsense_CSDConnectSns
 .text.cyCapsense_CSDScan
                0x00001540       0x70 .\CortexM0\ARM_GCC_541\Debug\Led_Blink_Process.a(cyCapsense_SensingCSD_LL.o)
                0x00001540                cyCapsense_CSDScan
 .text.cyCapsense_SsCSDConnectSensorExt
                0x000015b0       0x24 .\CortexM0\ARM_GCC_541\Debug\Led_Blink_Process.a(cyCapsense_SensingCSD_LL.o)
                0x000015b0                cyCapsense_SsCSDConnectSensorExt
 .text.cyCapsense_CSDDisconnectSns
                0x000015d4       0x40 .\CortexM0\ARM_GCC_541\Debug\Led_Blink_Process.a(cyCapsense_SensingCSD_LL.o)
                0x000015d4                cyCapsense_CSDDisconnectSns
 .text.cyCapsense_SsCSDElectrodeCheck
                0x00001614       0x24 .\CortexM0\ARM_GCC_541\Debug\Led_Blink_Process.a(cyCapsense_SensingCSD_LL.o)
                0x00001614                cyCapsense_SsCSDElectrodeCheck
 .text.cyCapsense_CSDSetupWidget
                0x00001638       0x54 .\CortexM0\ARM_GCC_541\Debug\Led_Blink_Process.a(cyCapsense_SensingCSD_LL.o)
                0x00001638                cyCapsense_CSDSetupWidget
 .text.cyCapsense_CSDSetupWidgetExt
                0x0000168c       0x6c .\CortexM0\ARM_GCC_541\Debug\Led_Blink_Process.a(cyCapsense_SensingCSD_LL.o)
                0x0000168c                cyCapsense_CSDSetupWidgetExt
 .text.cyCapsense_SsCSDCalibrateOneSensor
                0x000016f8       0xdc .\CortexM0\ARM_GCC_541\Debug\Led_Blink_Process.a(cyCapsense_SensingCSD_LL.o)
 .text.cyCapsense_CSDCalibrateWidget
                0x000017d4       0x94 .\CortexM0\ARM_GCC_541\Debug\Led_Blink_Process.a(cyCapsense_SensingCSD_LL.o)
                0x000017d4                cyCapsense_CSDCalibrateWidget
 .text.cyLed_p43_Write
                0x00001868       0x18 .\CortexM0\ARM_GCC_541\Debug\Led_Blink_Process.a(cyLed_p43.o)
                0x00001868                cyLed_p43_Write
 .text.cyLed_p43_Read
                0x00001880       0x10 .\CortexM0\ARM_GCC_541\Debug\Led_Blink_Process.a(cyLed_p43.o)
                0x00001880                cyLed_p43_Read
 .text.cyLed_p44_Write
                0x00001890       0x18 .\CortexM0\ARM_GCC_541\Debug\Led_Blink_Process.a(cyLed_p44.o)
                0x00001890                cyLed_p44_Write
 .text.cyLed_p44_Read
                0x000018a8       0x10 .\CortexM0\ARM_GCC_541\Debug\Led_Blink_Process.a(cyLed_p44.o)
                0x000018a8                cyLed_p44_Read
 .text.cyLed_p45_Write
                0x000018b8       0x18 .\CortexM0\ARM_GCC_541\Debug\Led_Blink_Process.a(cyLed_p45.o)
                0x000018b8                cyLed_p45_Write
 .text.cyLed_p45_Read
                0x000018d0       0x10 .\CortexM0\ARM_GCC_541\Debug\Led_Blink_Process.a(cyLed_p45.o)
                0x000018d0                cyLed_p45_Read
 .text.cyBuzzerPWM_Stop
                0x000018e0       0x1c .\CortexM0\ARM_GCC_541\Debug\Led_Blink_Process.a(cyBuzzerPWM.o)
                0x000018e0                cyBuzzerPWM_Stop
 .text.cyBuzzerPWM_WriteCounter
                0x000018fc       0x10 .\CortexM0\ARM_GCC_541\Debug\Led_Blink_Process.a(cyBuzzerPWM.o)
                0x000018fc                cyBuzzerPWM_WriteCounter
 .text.cyBuzzerPWM_WritePeriod
                0x0000190c       0x10 .\CortexM0\ARM_GCC_541\Debug\Led_Blink_Process.a(cyBuzzerPWM.o)
                0x0000190c                cyBuzzerPWM_WritePeriod
 .text.cyBuzzerPWM_WriteCompare
                0x0000191c       0x10 .\CortexM0\ARM_GCC_541\Debug\Led_Blink_Process.a(cyBuzzerPWM.o)
                0x0000191c                cyBuzzerPWM_WriteCompare
 .text.cyBuzzerPWM_TriggerCommand
                0x0000192c       0x1c .\CortexM0\ARM_GCC_541\Debug\Led_Blink_Process.a(cyBuzzerPWM.o)
                0x0000192c                cyBuzzerPWM_TriggerCommand
 .text.cyBuzzerPWM_Enable
                0x00001948       0x24 .\CortexM0\ARM_GCC_541\Debug\Led_Blink_Process.a(cyBuzzerPWM.o)
                0x00001948                cyBuzzerPWM_Enable
 .text.cyBuzzerPWM_SetInterruptMode
                0x0000196c        0xc .\CortexM0\ARM_GCC_541\Debug\Led_Blink_Process.a(cyBuzzerPWM.o)
                0x0000196c                cyBuzzerPWM_SetInterruptMode
 .text.cyBuzzerPWM_Init
                0x00001978       0x4c .\CortexM0\ARM_GCC_541\Debug\Led_Blink_Process.a(cyBuzzerPWM.o)
                0x00001978                cyBuzzerPWM_Init
 .text.cyBuzzerPWM_Start
                0x000019c4       0x20 .\CortexM0\ARM_GCC_541\Debug\Led_Blink_Process.a(cyBuzzerPWM.o)
                0x000019c4                cyBuzzerPWM_Start
 .text.cySegA_p20_Write
                0x000019e4       0x18 .\CortexM0\ARM_GCC_541\Debug\Led_Blink_Process.a(cySegA_p20.o)
                0x000019e4                cySegA_p20_Write
 .text.cySegA_p20_Read
                0x000019fc       0x10 .\CortexM0\ARM_GCC_541\Debug\Led_Blink_Process.a(cySegA_p20.o)
                0x000019fc                cySegA_p20_Read
 .text.cySegB_p21_Write
                0x00001a0c       0x18 .\CortexM0\ARM_GCC_541\Debug\Led_Blink_Process.a(cySegB_p21.o)
                0x00001a0c                cySegB_p21_Write
 .text.cySegB_p21_Read
                0x00001a24       0x10 .\CortexM0\ARM_GCC_541\Debug\Led_Blink_Process.a(cySegB_p21.o)
                0x00001a24                cySegB_p21_Read
 .text.cySegC_p22_Write
                0x00001a34       0x18 .\CortexM0\ARM_GCC_541\Debug\Led_Blink_Process.a(cySegC_p22.o)
                0x00001a34                cySegC_p22_Write
 .text.cySegC_p22_Read
                0x00001a4c       0x10 .\CortexM0\ARM_GCC_541\Debug\Led_Blink_Process.a(cySegC_p22.o)
                0x00001a4c                cySegC_p22_Read
 .text.cySegD_p23_Write
                0x00001a5c       0x18 .\CortexM0\ARM_GCC_541\Debug\Led_Blink_Process.a(cySegD_p23.o)
                0x00001a5c                cySegD_p23_Write
 .text.cySegD_p23_Read
                0x00001a74       0x10 .\CortexM0\ARM_GCC_541\Debug\Led_Blink_Process.a(cySegD_p23.o)
                0x00001a74                cySegD_p23_Read
 .text.cySegE_p24_Write
                0x00001a84       0x18 .\CortexM0\ARM_GCC_541\Debug\Led_Blink_Process.a(cySegE_p24.o)
                0x00001a84                cySegE_p24_Write
 .text.cySegE_p24_Read
                0x00001a9c       0x10 .\CortexM0\ARM_GCC_541\Debug\Led_Blink_Process.a(cySegE_p24.o)
                0x00001a9c                cySegE_p24_Read
 .text.cySegF_p25_Write
                0x00001aac       0x18 .\CortexM0\ARM_GCC_541\Debug\Led_Blink_Process.a(cySegF_p25.o)
                0x00001aac                cySegF_p25_Write
 .text.cySegF_p25_Read
                0x00001ac4       0x10 .\CortexM0\ARM_GCC_541\Debug\Led_Blink_Process.a(cySegF_p25.o)
                0x00001ac4                cySegF_p25_Read
 .text.cySegG_p26_Write
                0x00001ad4       0x18 .\CortexM0\ARM_GCC_541\Debug\Led_Blink_Process.a(cySegG_p26.o)
                0x00001ad4                cySegG_p26_Write
 .text.cySegG_p26_Read
                0x00001aec       0x10 .\CortexM0\ARM_GCC_541\Debug\Led_Blink_Process.a(cySegG_p26.o)
                0x00001aec                cySegG_p26_Read
 .text.cyDigit1_p34_Write
                0x00001afc       0x18 .\CortexM0\ARM_GCC_541\Debug\Led_Blink_Process.a(cyDigit1_p34.o)
                0x00001afc                cyDigit1_p34_Write
 .text.cyDigit1_p34_Read
                0x00001b14       0x10 .\CortexM0\ARM_GCC_541\Debug\Led_Blink_Process.a(cyDigit1_p34.o)
                0x00001b14                cyDigit1_p34_Read
 .text.cyDigit2_p35_Write
                0x00001b24       0x18 .\CortexM0\ARM_GCC_541\Debug\Led_Blink_Process.a(cyDigit2_p35.o)
                0x00001b24                cyDigit2_p35_Write
 .text.cyDigit2_p35_Read
                0x00001b3c       0x10 .\CortexM0\ARM_GCC_541\Debug\Led_Blink_Process.a(cyDigit2_p35.o)
                0x00001b3c                cyDigit2_p35_Read
 .text.cyCol1_p03_Write
                0x00001b4c       0x18 .\CortexM0\ARM_GCC_541\Debug\Led_Blink_Process.a(cyCol1_p03.o)
                0x00001b4c                cyCol1_p03_Write
 .text.cyCol1_p03_Read
                0x00001b64       0x10 .\CortexM0\ARM_GCC_541\Debug\Led_Blink_Process.a(cyCol1_p03.o)
                0x00001b64                cyCol1_p03_Read
 .text.cyCol2_p02_Write
                0x00001b74       0x18 .\CortexM0\ARM_GCC_541\Debug\Led_Blink_Process.a(cyCol2_p02.o)
                0x00001b74                cyCol2_p02_Write
 .text.cyCol2_p02_Read
                0x00001b8c       0x10 .\CortexM0\ARM_GCC_541\Debug\Led_Blink_Process.a(cyCol2_p02.o)
                0x00001b8c                cyCol2_p02_Read
 .text.cyCol3_p01_Write
                0x00001b9c       0x18 .\CortexM0\ARM_GCC_541\Debug\Led_Blink_Process.a(cyCol3_p01.o)
                0x00001b9c                cyCol3_p01_Write
 .text.cyCol3_p01_Read
                0x00001bb4       0x10 .\CortexM0\ARM_GCC_541\Debug\Led_Blink_Process.a(cyCol3_p01.o)
                0x00001bb4                cyCol3_p01_Read
 .text.cyCol4_p00_Write
                0x00001bc4       0x18 .\CortexM0\ARM_GCC_541\Debug\Led_Blink_Process.a(cyCol4_p00.o)
                0x00001bc4                cyCol4_p00_Write
 .text.cyCol4_p00_Read
                0x00001bdc       0x10 .\CortexM0\ARM_GCC_541\Debug\Led_Blink_Process.a(cyCol4_p00.o)
                0x00001bdc                cyCol4_p00_Read
 .text.cyCapsense_ISR_SetVector
                0x00001bec        0xc .\CortexM0\ARM_GCC_541\Debug\Led_Blink_Process.a(cyCapsense_ISR.o)
                0x00001bec                cyCapsense_ISR_SetVector
 .text.cyCapsense_ISR_SetPriority
                0x00001bf8       0x24 .\CortexM0\ARM_GCC_541\Debug\Led_Blink_Process.a(cyCapsense_ISR.o)
                0x00001bf8                cyCapsense_ISR_SetPriority
 .text.cyCapsense_ISR_Enable
                0x00001c1c       0x10 .\CortexM0\ARM_GCC_541\Debug\Led_Blink_Process.a(cyCapsense_ISR.o)
                0x00001c1c                cyCapsense_ISR_Enable
 .text.cyCapsense_ISR_Disable
                0x00001c2c       0x10 .\CortexM0\ARM_GCC_541\Debug\Led_Blink_Process.a(cyCapsense_ISR.o)
                0x00001c2c                cyCapsense_ISR_Disable
 .text.cyCapsense_ISR_StartEx
                0x00001c3c       0x1c .\CortexM0\ARM_GCC_541\Debug\Led_Blink_Process.a(cyCapsense_ISR.o)
                0x00001c3c                cyCapsense_ISR_StartEx
 .text.CySysClkImoDisableWcoLock
                0x00001c58       0x54 .\CortexM0\ARM_GCC_541\Debug\Led_Blink_Process.a(CyLib.o)
                0x00001c58                CySysClkImoDisableWcoLock
 .text.CySysClkImoGetWcoLock
                0x00001cac       0x14 .\CortexM0\ARM_GCC_541\Debug\Led_Blink_Process.a(CyLib.o)
                0x00001cac                CySysClkImoGetWcoLock
 .text.CySysClkImoEnableUsbLock
                0x00001cc0       0xf4 .\CortexM0\ARM_GCC_541\Debug\Led_Blink_Process.a(CyLib.o)
                0x00001cc0                CySysClkImoEnableUsbLock
 .text.CySysClkImoDisableUsbLock
                0x00001db4       0x90 .\CortexM0\ARM_GCC_541\Debug\Led_Blink_Process.a(CyLib.o)
                0x00001db4                CySysClkImoDisableUsbLock
 .text.CySysClkImoGetUsbLock
                0x00001e44       0x14 .\CortexM0\ARM_GCC_541\Debug\Led_Blink_Process.a(CyLib.o)
                0x00001e44                CySysClkImoGetUsbLock
 .text.CyIntEnable
                0x00001e58       0x14 .\CortexM0\ARM_GCC_541\Debug\Led_Blink_Process.a(CyLib.o)
                0x00001e58                CyIntEnable
 .text.CyHalt   0x00001e6c        0x4 .\CortexM0\ARM_GCC_541\Debug\Led_Blink_Process.a(CyLib.o)
                0x00001e6c                CyHalt
 .text.CyIntSetSysVector
                0x00001e70       0x20 .\CortexM0\ARM_GCC_541\Debug\Led_Blink_Process.a(CyLib.o)
                0x00001e70                CyIntSetSysVector
 .text.CyIntSetVector
                0x00001e90       0x24 .\CortexM0\ARM_GCC_541\Debug\Led_Blink_Process.a(CyLib.o)
                0x00001e90                CyIntSetVector
 .text.CyDelay  0x00001eb4       0x30 .\CortexM0\ARM_GCC_541\Debug\Led_Blink_Process.a(CyLib.o)
                0x00001eb4                CyDelay
 .text.CySysClkImoEnableWcoLock
                0x00001ee4      0x104 .\CortexM0\ARM_GCC_541\Debug\Led_Blink_Process.a(CyLib.o)
                0x00001ee4                CySysClkImoEnableWcoLock
 .text.CyDelayUs
                0x00001fe8       0x14 .\CortexM0\ARM_GCC_541\Debug\Led_Blink_Process.a(CyLib.o)
                0x00001fe8                CyDelayUs
 .text.CySysClkWriteImoFreq
                0x00001ffc      0x1bc .\CortexM0\ARM_GCC_541\Debug\Led_Blink_Process.a(CyLib.o)
                0x00001ffc                CySysClkWriteImoFreq
 .text.CySysTickEnableInterrupt
                0x000021b8       0x10 .\CortexM0\ARM_GCC_541\Debug\Led_Blink_Process.a(CyLib.o)
                0x000021b8                CySysTickEnableInterrupt
 .text.CySysTickEnable
                0x000021c8       0x18 .\CortexM0\ARM_GCC_541\Debug\Led_Blink_Process.a(CyLib.o)
                0x000021c8                CySysTickEnable
 .text.CySysTickDisableInterrupt
                0x000021e0       0x10 .\CortexM0\ARM_GCC_541\Debug\Led_Blink_Process.a(CyLib.o)
                0x000021e0                CySysTickDisableInterrupt
 .text.CySysTickSetReload
                0x000021f0       0x10 .\CortexM0\ARM_GCC_541\Debug\Led_Blink_Process.a(CyLib.o)
                0x000021f0                CySysTickSetReload
 .text.CySysTickSetClockSource
                0x00002200       0x20 .\CortexM0\ARM_GCC_541\Debug\Led_Blink_Process.a(CyLib.o)
                0x00002200                CySysTickSetClockSource
 .text.CySysTickGetCountFlag
                0x00002220       0x10 .\CortexM0\ARM_GCC_541\Debug\Led_Blink_Process.a(CyLib.o)
                0x00002220                CySysTickGetCountFlag
 .text.CySysTickServiceCallbacks
                0x00002230       0x2c .\CortexM0\ARM_GCC_541\Debug\Led_Blink_Process.a(CyLib.o)
 .text.CySysTickClear
                0x0000225c        0xc .\CortexM0\ARM_GCC_541\Debug\Led_Blink_Process.a(CyLib.o)
                0x0000225c                CySysTickClear
 .text.CySysTickInit
                0x00002268       0x48 .\CortexM0\ARM_GCC_541\Debug\Led_Blink_Process.a(CyLib.o)
                0x00002268                CySysTickInit
 .text.CySysTickStart
                0x000022b0       0x20 .\CortexM0\ARM_GCC_541\Debug\Led_Blink_Process.a(CyLib.o)
                0x000022b0                CySysTickStart
 .text.CySysTickSetCallback
                0x000022d0       0x10 .\CortexM0\ARM_GCC_541\Debug\Led_Blink_Process.a(CyLib.o)
                0x000022d0                CySysTickSetCallback
 .text.CySysWdtLocked
                0x000022e0       0x14 .\CortexM0\ARM_GCC_541\Debug\Led_Blink_Process.a(CyLFClk.o)
 .text.CySysClkWcoEnabled
                0x000022f4       0x14 .\CortexM0\ARM_GCC_541\Debug\Led_Blink_Process.a(CyLFClk.o)
                0x000022f4                CySysClkWcoEnabled
 .text.CySysWdtLock
                0x00002308       0x1c .\CortexM0\ARM_GCC_541\Debug\Led_Blink_Process.a(CyLFClk.o)
                0x00002308                CySysWdtLock
 .text.CySysWdtUnlock
                0x00002324       0x30 .\CortexM0\ARM_GCC_541\Debug\Led_Blink_Process.a(CyLFClk.o)
                0x00002324                CySysWdtUnlock
 .text.CySysWdtGetEnabledStatus
                0x00002354       0x24 .\CortexM0\ARM_GCC_541\Debug\Led_Blink_Process.a(CyLFClk.o)
                0x00002354                CySysWdtGetEnabledStatus
 .text.CySysWdtEnable
                0x00002378       0x3c .\CortexM0\ARM_GCC_541\Debug\Led_Blink_Process.a(CyLFClk.o)
                0x00002378                CySysWdtEnable
 .text.CySysWdtDisable
                0x000023b4       0x44 .\CortexM0\ARM_GCC_541\Debug\Led_Blink_Process.a(CyLFClk.o)
                0x000023b4                CySysWdtDisable
 .text.CySysWdtClearInterrupt
                0x000023f8       0x4c .\CortexM0\ARM_GCC_541\Debug\Led_Blink_Process.a(CyLFClk.o)
                0x000023f8                CySysWdtClearInterrupt
 .text.CySysWdtResetCounters
                0x00002444       0x20 .\CortexM0\ARM_GCC_541\Debug\Led_Blink_Process.a(CyLFClk.o)
                0x00002444                CySysWdtResetCounters
 .text.CySysWdtIsr
                0x00002464       0xa4 .\CortexM0\ARM_GCC_541\Debug\Led_Blink_Process.a(CyLFClk.o)
                0x00002464                CySysWdtIsr
 .text          0x00002508       0x20 .\CortexM0\ARM_GCC_541\Debug\Led_Blink_Process.a(CyBootAsmGnu.o)
                0x00002508                CyDelayCycles
                0x0000251a                CyEnterCriticalSection
                0x00002522                CyExitCriticalSection
 .text.cyCapsense_SsCSDPostScan
                0x00002528       0x20 .\CortexM0\ARM_GCC_541\Debug\Led_Blink_Process.a(cyCapsense_INT.o)
 .text.cyCapsense_SsCSDInitNextScan
                0x00002548       0xa0 .\CortexM0\ARM_GCC_541\Debug\Led_Blink_Process.a(cyCapsense_INT.o)
 .text.cyCapsense_CSDPostSingleScan
                0x000025e8       0x44 .\CortexM0\ARM_GCC_541\Debug\Led_Blink_Process.a(cyCapsense_INT.o)
                0x000025e8                cyCapsense_CSDPostSingleScan
 .text.cyCapsense_CSDPostMultiScan
                0x0000262c       0x58 .\CortexM0\ARM_GCC_541\Debug\Led_Blink_Process.a(cyCapsense_INT.o)
                0x0000262c                cyCapsense_CSDPostMultiScan
 .text.CySysFlashSetWaitCycles
                0x00002684       0x54 .\CortexM0\ARM_GCC_541\Debug\Led_Blink_Process.a(CyFlash.o)
                0x00002684                CySysFlashSetWaitCycles
 .text.SsGetSensorCp
                0x000026d8       0x60 C:\Program Files (x86)\Cypress\PSoC Creator\4.4\PSoC Creator\psoc\content\CyComponentLibrary\CyComponentLibrary.cylib\CapSense_P4_v6_0\PSoC4\Library\Capsense_P4Library_GCC.a(CapSense_SmartSense_LL.o)
 .text.SmartSense_TunePrescalers
                0x00002738       0x74 C:\Program Files (x86)\Cypress\PSoC Creator\4.4\PSoC Creator\psoc\content\CyComponentLibrary\CyComponentLibrary.cylib\CapSense_P4_v6_0\PSoC4\Library\Capsense_P4Library_GCC.a(CapSense_SmartSense_LL.o)
                0x00002738                SmartSense_TunePrescalers
 .text.SmartSense_TuneSensitivity
                0x000027ac       0xec C:\Program Files (x86)\Cypress\PSoC Creator\4.4\PSoC Creator\psoc\content\CyComponentLibrary\CyComponentLibrary.cylib\CapSense_P4_v6_0\PSoC4\Library\Capsense_P4Library_GCC.a(CapSense_SmartSense_LL.o)
                0x000027ac                SmartSense_TuneSensitivity
 .text.SmartSense_UpdateThresholds
                0x00002898       0xf0 C:\Program Files (x86)\Cypress\PSoC Creator\4.4\PSoC Creator\psoc\content\CyComponentLibrary\CyComponentLibrary.cylib\CapSense_P4_v6_0\PSoC4\Library\Capsense_P4Library_GCC.a(CapSense_SmartSense_SL.o)
                0x00002898                SmartSense_UpdateThresholds
 .text.SmartSense_InitializeNoiseEnvelope
                0x00002988       0x58 C:\Program Files (x86)\Cypress\PSoC Creator\4.4\PSoC Creator\psoc\content\CyComponentLibrary\CyComponentLibrary.cylib\CapSense_P4_v6_0\PSoC4\Library\Capsense_P4Library_GCC.a(CapSense_SmartSense_SL.o)
                0x00002988                SmartSense_InitializeNoiseEnvelope
 .text.SmartSense_RunNoiseEnvelope
                0x000029e0      0x154 C:\Program Files (x86)\Cypress\PSoC Creator\4.4\PSoC Creator\psoc\content\CyComponentLibrary\CyComponentLibrary.cylib\CapSense_P4_v6_0\PSoC4\Library\Capsense_P4Library_GCC.a(CapSense_SmartSense_SL.o)
                0x000029e0                SmartSense_RunNoiseEnvelope
 .text.unlikely.coreSysReset
                0x00002b34       0x2c .\RCOS\Platforms\Cypress\psoc4\lib_psoc4_C_2.0.1_L.0.1.6_release.a(core.o)
 .text.eventPostRaw
                0x00002b60      0x100 .\RCOS\Platforms\Cypress\psoc4\lib_psoc4_C_2.0.1_L.0.1.6_release.a(core.o)
 .text.timerCallBackStart
                0x00002c60       0x30 .\RCOS\Platforms\Cypress\psoc4\lib_psoc4_C_2.0.1_L.0.1.6_release.a(core.o)
                0x00002c60                timerCallBackStart
 .text.timerCallBackStop
                0x00002c90       0x24 .\RCOS\Platforms\Cypress\psoc4\lib_psoc4_C_2.0.1_L.0.1.6_release.a(core.o)
                0x00002c90                timerCallBackStop
 .text.timerEventStart
                0x00002cb4       0x30 .\RCOS\Platforms\Cypress\psoc4\lib_psoc4_C_2.0.1_L.0.1.6_release.a(core.o)
                0x00002cb4                timerEventStart
 .text.rcosTickIsr
                0x00002ce4       0xc8 .\RCOS\Platforms\Cypress\psoc4\lib_psoc4_C_2.0.1_L.0.1.6_release.a(core.o)
                0x00002ce4                rcosTickIsr
 .text.processStart
                0x00002dac       0x48 .\RCOS\Platforms\Cypress\psoc4\lib_psoc4_C_2.0.1_L.0.1.6_release.a(core.o)
                0x00002dac                processStart
 .text.threadStart
                0x00002df4       0x48 .\RCOS\Platforms\Cypress\psoc4\lib_psoc4_C_2.0.1_L.0.1.6_release.a(core.o)
                0x00002df4                threadStart
 .text.threadStop
                0x00002e3c       0x18 .\RCOS\Platforms\Cypress\psoc4\lib_psoc4_C_2.0.1_L.0.1.6_release.a(core.o)
                0x00002e3c                threadStop
 .text.eventPost
                0x00002e54       0x34 .\RCOS\Platforms\Cypress\psoc4\lib_psoc4_C_2.0.1_L.0.1.6_release.a(core.o)
                0x00002e54                eventPost
 .text.coreInit
                0x00002e88       0x3c .\RCOS\Platforms\Cypress\psoc4\lib_psoc4_C_2.0.1_L.0.1.6_release.a(core.o)
                0x00002e88                coreInit
 .text.coreRun  0x00002ec4      0x148 .\RCOS\Platforms\Cypress\psoc4\lib_psoc4_C_2.0.1_L.0.1.6_release.a(core.o)
                0x00002ec4                coreRun
 .text.dequeRead.isra.0
                0x0000300c       0x38 .\RCOS\Platforms\Cypress\psoc4\lib_psoc4_C_2.0.1_L.0.1.6_release.a(deque.o)
 .text.dequeWrite.isra.1
                0x00003044       0x38 .\RCOS\Platforms\Cypress\psoc4\lib_psoc4_C_2.0.1_L.0.1.6_release.a(deque.o)
 .text.dequeFlush
                0x0000307c        0xc .\RCOS\Platforms\Cypress\psoc4\lib_psoc4_C_2.0.1_L.0.1.6_release.a(deque.o)
                0x0000307c                dequeFlush
 .text.dequePopFront
                0x00003088       0x40 .\RCOS\Platforms\Cypress\psoc4\lib_psoc4_C_2.0.1_L.0.1.6_release.a(deque.o)
                0x00003088                dequePopFront
 .text.dequePushBack
                0x000030c8       0x40 .\RCOS\Platforms\Cypress\psoc4\lib_psoc4_C_2.0.1_L.0.1.6_release.a(deque.o)
                0x000030c8                dequePushBack
 .text.dequePushFront
                0x00003108       0x48 .\RCOS\Platforms\Cypress\psoc4\lib_psoc4_C_2.0.1_L.0.1.6_release.a(deque.o)
                0x00003108                dequePushFront
 .text.ldlInsertHead
                0x00003150       0x54 .\RCOS\Platforms\Cypress\psoc4\lib_psoc4_C_2.0.1_L.0.1.6_release.a(list_dl.o)
                0x00003150                ldlInsertHead
 .text.ldlInsertTail
                0x000031a4       0x4c .\RCOS\Platforms\Cypress\psoc4\lib_psoc4_C_2.0.1_L.0.1.6_release.a(list_dl.o)
                0x000031a4                ldlInsertTail
 .text.ldlDelete
                0x000031f0       0x3c .\RCOS\Platforms\Cypress\psoc4\lib_psoc4_C_2.0.1_L.0.1.6_release.a(list_dl.o)
                0x000031f0                ldlDelete
 .text.addVersionItem.part.0
                0x0000322c       0x20 .\RCOS\Platforms\Cypress\psoc4\lib_psoc4_C_2.0.1_L.0.1.6_release.a(version.o)
 .text.addVersionItem
                0x0000324c       0x10 .\RCOS\Platforms\Cypress\psoc4\lib_psoc4_C_2.0.1_L.0.1.6_release.a(version.o)
                0x0000324c                addVersionItem
 .text.buttonsHandler
                0x0000325c        0x4 .\RCOS\Platforms\Cypress\psoc4\lib_psoc4_C_2.0.1_L.0.1.6_release.a(buttons.o)
                0x0000325c                buttonsHandler
 .text.buttonsThread
                0x00003260       0xf0 .\RCOS\Platforms\Cypress\psoc4\lib_psoc4_C_2.0.1_L.0.1.6_release.a(buttons.o)
                0x00003260                buttonsThread
 .text.buttonsInit
                0x00003350       0x48 .\RCOS\Platforms\Cypress\psoc4\lib_psoc4_C_2.0.1_L.0.1.6_release.a(buttons.o)
                0x00003350                buttonsInit
 .text.buttonsDeinit
                0x00003398       0x1c .\RCOS\Platforms\Cypress\psoc4\lib_psoc4_C_2.0.1_L.0.1.6_release.a(buttons.o)
                0x00003398                buttonsDeinit
 .text.capsenseGet
                0x000033b4       0x34 .\RCOS\Platforms\Cypress\psoc4\lib_psoc4_C_2.0.1_L.0.1.6_release.a(capsense.o)
 .text.capsenseDeinit
                0x000033e8       0x1c .\RCOS\Platforms\Cypress\psoc4\lib_psoc4_C_2.0.1_L.0.1.6_release.a(capsense.o)
 .text.capsenseInit
                0x00003404       0x34 .\RCOS\Platforms\Cypress\psoc4\lib_psoc4_C_2.0.1_L.0.1.6_release.a(capsense.o)
 .text.capsenseIsr
                0x00003438       0x18 .\RCOS\Platforms\Cypress\psoc4\lib_psoc4_C_2.0.1_L.0.1.6_release.a(capsense.o)
                0x00003438                capsenseIsr
 .text.gpioDeinit
                0x00003450        0xc .\RCOS\Platforms\Cypress\psoc4\lib_psoc4_C_2.0.1_L.0.1.6_release.a(gpio.o)
 .text.gpioGet  0x0000345c       0x18 .\RCOS\Platforms\Cypress\psoc4\lib_psoc4_C_2.0.1_L.0.1.6_release.a(gpio.o)
 .text.gpioPut  0x00003474       0x18 .\RCOS\Platforms\Cypress\psoc4\lib_psoc4_C_2.0.1_L.0.1.6_release.a(gpio.o)
 .text.gpioInit
                0x0000348c       0x20 .\RCOS\Platforms\Cypress\psoc4\lib_psoc4_C_2.0.1_L.0.1.6_release.a(gpio.o)
 .text.pwmCoreDeinit
                0x000034ac       0x14 .\RCOS\Platforms\Cypress\psoc4\lib_psoc4_C_2.0.1_L.0.1.6_release.a(pwm.o)
 .text.pwmDutyGet
                0x000034c0        0x8 .\RCOS\Platforms\Cypress\psoc4\lib_psoc4_C_2.0.1_L.0.1.6_release.a(pwm.o)
 .text.pwmFreqGet
                0x000034c8        0x8 .\RCOS\Platforms\Cypress\psoc4\lib_psoc4_C_2.0.1_L.0.1.6_release.a(pwm.o)
 .text.pwmCoreInit
                0x000034d0       0x20 .\RCOS\Platforms\Cypress\psoc4\lib_psoc4_C_2.0.1_L.0.1.6_release.a(pwm.o)
 .text.pwmSet.isra.0
                0x000034f0       0x3c .\RCOS\Platforms\Cypress\psoc4\lib_psoc4_C_2.0.1_L.0.1.6_release.a(pwm.o)
 .text.pwmDutyPut
                0x0000352c       0x30 .\RCOS\Platforms\Cypress\psoc4\lib_psoc4_C_2.0.1_L.0.1.6_release.a(pwm.o)
 .text.pwmFreqPut
                0x0000355c       0x24 .\RCOS\Platforms\Cypress\psoc4\lib_psoc4_C_2.0.1_L.0.1.6_release.a(pwm.o)
 .text.devIoInit
                0x00003580       0x20 .\RCOS\Platforms\Cypress\psoc4\lib_psoc4_C_2.0.1_L.0.1.6_release.a(dev.o)
                0x00003580                devIoInit
 .text.devIoDeinit
                0x000035a0       0x20 .\RCOS\Platforms\Cypress\psoc4\lib_psoc4_C_2.0.1_L.0.1.6_release.a(dev.o)
                0x000035a0                devIoDeinit
 .text.devIoGet
                0x000035c0       0x20 .\RCOS\Platforms\Cypress\psoc4\lib_psoc4_C_2.0.1_L.0.1.6_release.a(dev.o)
                0x000035c0                devIoGet
 .text.devIoPut
                0x000035e0       0x20 .\RCOS\Platforms\Cypress\psoc4\lib_psoc4_C_2.0.1_L.0.1.6_release.a(dev.o)
                0x000035e0                devIoPut
 .text.devComInit
                0x00003600       0x20 .\RCOS\Platforms\Cypress\psoc4\lib_psoc4_C_2.0.1_L.0.1.6_release.a(dev.o)
                0x00003600                devComInit
 .text.iocombGet
                0x00003620       0x38 .\RCOS\Platforms\Cypress\psoc4\lib_psoc4_C_2.0.1_L.0.1.6_release.a(iocomb.o)
 .text.iocombPut
                0x00003658       0x54 .\RCOS\Platforms\Cypress\psoc4\lib_psoc4_C_2.0.1_L.0.1.6_release.a(iocomb.o)
 .text.iocombDeinit
                0x000036ac       0x30 .\RCOS\Platforms\Cypress\psoc4\lib_psoc4_C_2.0.1_L.0.1.6_release.a(iocomb.o)
 .text.iocombInit
                0x000036dc       0x44 .\RCOS\Platforms\Cypress\psoc4\lib_psoc4_C_2.0.1_L.0.1.6_release.a(iocomb.o)
 .text.patternGet
                0x00003720        0x4 .\RCOS\Platforms\Cypress\psoc4\lib_psoc4_C_2.0.1_L.0.1.6_release.a(pattern.o)
 .text.patternDeinit
                0x00003724       0x18 .\RCOS\Platforms\Cypress\psoc4\lib_psoc4_C_2.0.1_L.0.1.6_release.a(pattern.o)
 .text.patternPut
                0x0000373c       0x3c .\RCOS\Platforms\Cypress\psoc4\lib_psoc4_C_2.0.1_L.0.1.6_release.a(pattern.o)
 .text.patternInit
                0x00003778       0x40 .\RCOS\Platforms\Cypress\psoc4\lib_psoc4_C_2.0.1_L.0.1.6_release.a(pattern.o)
 .text.patternPutHandler
                0x000037b8       0x24 .\RCOS\Platforms\Cypress\psoc4\lib_psoc4_C_2.0.1_L.0.1.6_release.a(pattern.o)
                0x000037b8                patternPutHandler
 .text.lslInsertTail
                0x000037dc       0x30 .\RCOS\Platforms\Cypress\psoc4\lib_psoc4_C_2.0.1_L.0.1.6_release.a(list_sl.o)
                0x000037dc                lslInsertTail
 .text.lslTailFrom
                0x0000380c        0xc .\RCOS\Platforms\Cypress\psoc4\lib_psoc4_C_2.0.1_L.0.1.6_release.a(list_sl.o)
                0x0000380c                lslTailFrom
 .text          0x00003818      0x114 c:/program files (x86)/cypress/psoc creator/4.4/psoc creator/import/gnu/arm/5.4.1/bin/../lib/gcc/arm-none-eabi/5.4.1/armv6-m\libgcc.a(_udivsi3.o)
                0x00003818                __aeabi_uidiv
                0x00003818                __udivsi3
                0x00003924                __aeabi_uidivmod
 .text          0x0000392c        0x4 c:/program files (x86)/cypress/psoc creator/4.4/psoc creator/import/gnu/arm/5.4.1/bin/../lib/gcc/arm-none-eabi/5.4.1/armv6-m\libgcc.a(_dvmd_tls.o)
                0x0000392c                __aeabi_idiv0
                0x0000392c                __aeabi_ldiv0
 .text.__errno  0x00003930        0xc c:/program files (x86)/cypress/psoc creator/4.4/psoc creator/import/gnu/arm/5.4.1/bin/../lib/gcc/arm-none-eabi/5.4.1/../../../../arm-none-eabi/lib/armv6-m\libg_nano.a(lib_a-errno.o)
                0x00003930                __errno
 .text.__libc_init_array
                0x0000393c       0x4c c:/program files (x86)/cypress/psoc creator/4.4/psoc creator/import/gnu/arm/5.4.1/bin/../lib/gcc/arm-none-eabi/5.4.1/../../../../arm-none-eabi/lib/armv6-m\libg_nano.a(lib_a-init.o)
                0x0000393c                __libc_init_array
 .text.memcpy   0x00003988       0x12 c:/program files (x86)/cypress/psoc creator/4.4/psoc creator/import/gnu/arm/5.4.1/bin/../lib/gcc/arm-none-eabi/5.4.1/../../../../arm-none-eabi/lib/armv6-m\libg_nano.a(lib_a-memcpy-stub.o)
                0x00003988                memcpy
 .text.memset   0x0000399a       0x10 c:/program files (x86)/cypress/psoc creator/4.4/psoc creator/import/gnu/arm/5.4.1/bin/../lib/gcc/arm-none-eabi/5.4.1/../../../../arm-none-eabi/lib/armv6-m\libg_nano.a(lib_a-memset.o)
                0x0000399a                memset
 *(.plt)
 *(.gnu.warning)
 *(.glue_7t)
 .glue_7t       0x000039aa        0x0 linker stubs
 *(.glue_7)
 .glue_7        0x000039aa        0x0 linker stubs
 *(.vfp11_veneer)
 .vfp11_veneer  0x000039aa        0x0 linker stubs
 *(.bootloader)
 *(.ARM.extab* .gnu.linkonce.armextab.*)
 *(.gcc_except_table)

.v4_bx          0x000039ac        0x0
 .v4_bx         0x000039ac        0x0 linker stubs

.iplt           0x000039ac        0x0
 .iplt          0x000039ac        0x0 c:/program files (x86)/cypress/psoc creator/4.4/psoc creator/import/gnu/arm/5.4.1/bin/../lib/gcc/arm-none-eabi/5.4.1/armv6-m/crtbegin.o

.eh_frame_hdr
 *(.eh_frame_hdr)

.eh_frame       0x000039ac        0x4
 *(.eh_frame)
 .eh_frame      0x000039ac        0x0 c:/program files (x86)/cypress/psoc creator/4.4/psoc creator/import/gnu/arm/5.4.1/bin/../lib/gcc/arm-none-eabi/5.4.1/armv6-m/crtbegin.o
 .eh_frame      0x000039ac        0x4 c:/program files (x86)/cypress/psoc creator/4.4/psoc creator/import/gnu/arm/5.4.1/bin/../lib/gcc/arm-none-eabi/5.4.1/armv6-m/crtend.o
                [!provide]                PROVIDE (__exidx_start, .)

.ARM.exidx
 *(.ARM.exidx* .gnu.linkonce.armexidx.*)
                0x000039b0                __exidx_end = .

.rodata         0x000039b0      0x890
 *(.rodata .rodata.* .gnu.linkonce.r.*)
 .rodata        0x000039b0        0x8 .\CortexM0\ARM_GCC_541\Debug\platform.o
 .rodata.str1.4
                0x000039b8       0x16 .\CortexM0\ARM_GCC_541\Debug\platform.o
 *fill*         0x000039ce        0x2 
 .rodata        0x000039d0       0xd8 .\CortexM0\ARM_GCC_541\Debug\sevensegmentdisplay.o
                0x000039d0                displayMessages
                0x00003a98                devIoSevenSegmentDisplayFuncs
 .rodata        0x00003aa8       0x20 .\CortexM0\ARM_GCC_541\Debug\encoder.o
                0x00003ab8                devIoEncoderFuncs
 .rodata        0x00003ac8      0x110 .\CortexM0\ARM_GCC_541\Debug\process_ui.o
                0x00003b10                melodyKeyWarning
                0x00003b30                melodyLock
                0x00003b50                melodyRelease
                0x00003b60                melodyPres
                0x00003b70                melodyArcelik
 .rodata        0x00003bd8      0x3c0 .\CortexM0\ARM_GCC_541\Debug\rcos.o
                0x00003bd8                segA
                0x00003be8                sevenSegment
                0x00003bf8                sevenSegmentDisplay
                0x00003c08                encoder
                0x00003c18                greenLedProcessConsts
                0x00003c2c                redLedProcessConsts
                0x00003c40                processUiConsts
                0x00003c44                processUipatternConsts
                0x00003c48                processUipattern
                0x00003c58                encoderConsts
                0x00003c68                encCol4
                0x00003c78                encCol4Consts
                0x00003c84                encCol3
                0x00003c94                encCol3Consts
                0x00003ca0                encCol2
                0x00003cb0                encCol2Consts
                0x00003cbc                encCol1
                0x00003ccc                encCol1Consts
                0x00003cd8                sevenSegmentDisplayConsts
                0x00003ce4                sevenSegmentConsts
                0x00003cec                sevenSegmentList
                0x00003d40                digit2
                0x00003d50                digit2Consts
                0x00003d5c                digit1
                0x00003d6c                digit1Consts
                0x00003d78                segG
                0x00003d88                segGConsts
                0x00003d94                segF
                0x00003da4                segFConsts
                0x00003db0                segE
                0x00003dc0                segEConsts
                0x00003dcc                segD
                0x00003ddc                segDConsts
                0x00003de8                segC
                0x00003df8                segCConsts
                0x00003e04                segB
                0x00003e14                segBConsts
                0x00003e20                segAConsts
                0x00003e2c                ledGui
                0x00003e3c                ledGuiConsts
                0x00003e44                ledGuiList
                0x00003e68                ledP45
                0x00003e78                ledP45Consts
                0x00003e84                ledP44
                0x00003e94                ledP44Consts
                0x00003ea0                ledP43
                0x00003eb0                ledP43Consts
                0x00003ebc                processButtonConsts
                0x00003ecc                processButtonMap
                0x00003f04                buzzerDuty
                0x00003f14                buzzerDutyConsts
                0x00003f1c                buzzer
                0x00003f2c                buzzerConsts
                0x00003f34                pwmBuzzerCore
                0x00003f44                pwmBuzzerCoreConsts
                0x00003f54                ioCapsenseConsts
                0x00003f70                ioCapsense
                0x00003f80                rcosWdt
                0x00003f8c                rcosTick
 .rodata        0x00003f98       0x54 .\CortexM0\ARM_GCC_541\Debug\cyfitter_cfg.o
 .rodata        0x00003fec       0xec .\CortexM0\ARM_GCC_541\Debug\Led_Blink_Process.a(cyCapsense_Structure.o)
                0x00003fec                cyCapsense_ramWidgetInit
                0x00004024                cyCapsense_dsFlash
                0x00004084                cyCapsense_ioList
 .rodata        0x000040d8        0x1 .\CortexM0\ARM_GCC_541\Debug\Led_Blink_Process.a(cyCapsense_Sensing.o)
                0x000040d8                cyCapsense_scanFreqIndex
 *fill*         0x000040d9        0x3 
 .rodata        0x000040dc       0x2e .\CortexM0\ARM_GCC_541\Debug\Led_Blink_Process.a(CyLib.o)
                0x000040dc                cyImoFreqMhz2Reg
 *fill*         0x0000410a        0x2 
 .rodata        0x0000410c        0x8 .\RCOS\Platforms\Cypress\psoc4\lib_psoc4_C_2.0.1_L.0.1.6_release.a(core.o)
 .rodata.str1.4
                0x00004114       0x12 .\RCOS\Platforms\Cypress\psoc4\lib_psoc4_C_2.0.1_L.0.1.6_release.a(core.o)
 *fill*         0x00004126        0x2 
 .rodata        0x00004128        0x8 .\RCOS\Platforms\Cypress\psoc4\lib_psoc4_C_2.0.1_L.0.1.6_release.a(buttons.o)
 .rodata.str1.4
                0x00004130        0xe .\RCOS\Platforms\Cypress\psoc4\lib_psoc4_C_2.0.1_L.0.1.6_release.a(buttons.o)
 *fill*         0x0000413e        0x2 
 .rodata        0x00004140       0x18 .\RCOS\Platforms\Cypress\psoc4\lib_psoc4_C_2.0.1_L.0.1.6_release.a(capsense.o)
                0x00004148                devIoCapsenseFuncs
 .rodata.str1.4
                0x00004158        0xf .\RCOS\Platforms\Cypress\psoc4\lib_psoc4_C_2.0.1_L.0.1.6_release.a(capsense.o)
                                 0x16 (size before relaxing)
 *fill*         0x00004167        0x1 
 .rodata        0x00004168       0x18 .\RCOS\Platforms\Cypress\psoc4\lib_psoc4_C_2.0.1_L.0.1.6_release.a(gpio.o)
                0x00004170                devIoGpioFuncs
 .rodata.str1.4
                0x00004180        0xb .\RCOS\Platforms\Cypress\psoc4\lib_psoc4_C_2.0.1_L.0.1.6_release.a(gpio.o)
                                 0x12 (size before relaxing)
 *fill*         0x0000418b        0x1 
 .rodata        0x0000418c       0x30 .\RCOS\Platforms\Cypress\psoc4\lib_psoc4_C_2.0.1_L.0.1.6_release.a(pwm.o)
                0x00004194                devIoPwmFreqFuncs
                0x000041a4                devIoPwmDutyFuncs
                0x000041b4                devCpxPwmCoreFuncs
 .rodata.str1.4
                0x000041bc        0xa .\RCOS\Platforms\Cypress\psoc4\lib_psoc4_C_2.0.1_L.0.1.6_release.a(pwm.o)
                                 0x12 (size before relaxing)
 *fill*         0x000041c6        0x2 
 .rodata        0x000041c8       0x18 .\RCOS\Platforms\Cypress\psoc4\lib_psoc4_C_2.0.1_L.0.1.6_release.a(iocomb.o)
                0x000041d0                devIoIocombFuncs
 .rodata.str1.4
                0x000041e0        0x7 .\RCOS\Platforms\Cypress\psoc4\lib_psoc4_C_2.0.1_L.0.1.6_release.a(iocomb.o)
                                  0xe (size before relaxing)
 *fill*         0x000041e7        0x1 
 .rodata        0x000041e8       0x18 .\RCOS\Platforms\Cypress\psoc4\lib_psoc4_C_2.0.1_L.0.1.6_release.a(pattern.o)
                0x000041f0                devIoPatternFuncs
 .rodata.str1.4
                0x00004200        0x8 .\RCOS\Platforms\Cypress\psoc4\lib_psoc4_C_2.0.1_L.0.1.6_release.a(pattern.o)
                                  0xe (size before relaxing)
 .rodata.str1.1
                0x00004208        0x2 c:/program files (x86)/cypress/psoc creator/4.4/psoc creator/import/gnu/arm/5.4.1/bin/../lib/gcc/arm-none-eabi/5.4.1/../../../../arm-none-eabi/lib/armv6-m\libg_nano.a(lib_a-impure.o)
                0x0000420c                . = ALIGN (0x4)
 *fill*         0x0000420a        0x2 
 *(.init)
 .init          0x0000420c        0x4 c:/program files (x86)/cypress/psoc creator/4.4/psoc creator/import/gnu/arm/5.4.1/bin/../lib/gcc/arm-none-eabi/5.4.1/armv6-m/crti.o
                0x0000420c                _init
 .init          0x00004210        0x8 c:/program files (x86)/cypress/psoc creator/4.4/psoc creator/import/gnu/arm/5.4.1/bin/../lib/gcc/arm-none-eabi/5.4.1/armv6-m/crtn.o
                0x00004218                . = ALIGN (0x4)
                0x00004218                __preinit_array_start = .
 *(.preinit_array)
                0x00004218                __preinit_array_end = .
                0x00004218                . = ALIGN (0x4)
                0x00004218                __init_array_start = .
 *(SORT(.init_array.*))
 *(.init_array)
 .init_array    0x00004218        0x4 c:/program files (x86)/cypress/psoc creator/4.4/psoc creator/import/gnu/arm/5.4.1/bin/../lib/gcc/arm-none-eabi/5.4.1/armv6-m/crtbegin.o
 .init_array    0x0000421c        0x4 .\CortexM0\ARM_GCC_541\Debug\Cm0Start.o
                0x00004220                __init_array_end = .
                0x00004220                . = ALIGN (0x4)
 *(.fini)
 .fini          0x00004220        0x4 c:/program files (x86)/cypress/psoc creator/4.4/psoc creator/import/gnu/arm/5.4.1/bin/../lib/gcc/arm-none-eabi/5.4.1/armv6-m/crti.o
                0x00004220                _fini
 .fini          0x00004224        0x8 c:/program files (x86)/cypress/psoc creator/4.4/psoc creator/import/gnu/arm/5.4.1/bin/../lib/gcc/arm-none-eabi/5.4.1/armv6-m/crtn.o
                0x0000422c                . = ALIGN (0x4)
                0x0000422c                __fini_array_start = .
 *(.fini_array)
 .fini_array    0x0000422c        0x4 c:/program files (x86)/cypress/psoc creator/4.4/psoc creator/import/gnu/arm/5.4.1/bin/../lib/gcc/arm-none-eabi/5.4.1/armv6-m/crtbegin.o
 *(SORT(.fini_array.*))
                0x00004230                __fini_array_end = .
                0x00004230                . = ALIGN (0x4)
 *crtbegin.o(.ctors)
 *(EXCLUDE_FILE(*crtend.o) .ctors)
 *(SORT(.ctors.*))
 *crtend.o(.ctors)
                0x00004230                . = ALIGN (0x4)
 *crtbegin.o(.dtors)
 *(EXCLUDE_FILE(*crtend.o) .dtors)
 *(SORT(.dtors.*))
 *crtend.o(.dtors)
                0x00004230                . = ALIGN (0x4)
                0x00004230                __cy_regions = .
                0x00004230        0x4 LONG 0x4240 __cy_region_init_ram
                0x00004234        0x4 LONG 0x200000c0 __cy_region_start_data
                0x00004238        0x4 LONG 0x368 __cy_region_init_size_ram
                0x0000423c        0x4 LONG 0x710 __cy_region_zero_size_ram
                0x00004240                __cy_regions_end = .
                0x00004240                . = ALIGN (0x8)
                0x00004240                _etext = .

.cy_checksum_exclude
                0x00004240        0x0
 *(.cy_checksum_exclude)

.ramvectors     0x20000000       0xc0
                0x20000000                __cy_region_start_ram = .
 *(.ramvectors)
 .ramvectors    0x20000000       0xc0 .\CortexM0\ARM_GCC_541\Debug\Cm0Start.o
                0x20000000                CyRamVectors

.noinit
 *(.noinit)

.data           0x200000c0      0x368 load address 0x00004240
                0x200000c0                __cy_region_start_data = .
 *(.jcr)
 .jcr           0x200000c0        0x0 c:/program files (x86)/cypress/psoc creator/4.4/psoc creator/import/gnu/arm/5.4.1/bin/../lib/gcc/arm-none-eabi/5.4.1/armv6-m/crtbegin.o
 .jcr           0x200000c0        0x4 c:/program files (x86)/cypress/psoc creator/4.4/psoc creator/import/gnu/arm/5.4.1/bin/../lib/gcc/arm-none-eabi/5.4.1/armv6-m/crtend.o
 *(.got.plt)
 *(.got)
 *(.shdata)
 *(.data .data.* .gnu.linkonce.d.*)
 .data          0x200000c4        0x8 .\CortexM0\ARM_GCC_541\Debug\platform.o
 .data          0x200000cc      0x294 .\CortexM0\ARM_GCC_541\Debug\rcos.o
                0x200000cc                processButton
                0x20000114                processUi
                0x2000015c                redLedProcess
                0x200001a4                greenLedProcess
                0x200001ec                greenLedProcessParams
                0x20000224                redLedProcessParams
                0x2000025c                processUiParams
                0x200002a8                processUipatternParams
                0x200002c8                sevenSegmentDisplayParams
                0x200002e0                sevenSegmentDisplayProcess
                0x20000328                processButtonParams
                0x20000334                pwmBuzzerCoreParams
                0x20000340                ioCapsenseParams
                0x20000354                eventQueue
 .data          0x20000360        0xc .\CortexM0\ARM_GCC_541\Debug\Led_Blink_Process.a(cyCapsense_SensingCSD_LL.o)
                0x20000360                cyCapsense_configCsd
                0x20000368                cyCapsense_calibratedIdac
                0x2000036a                cyCapsense_calibratedRawcount
 .data          0x2000036c       0x14 .\CortexM0\ARM_GCC_541\Debug\Led_Blink_Process.a(CyLib.o)
                0x2000036c                CySysClkPumpConfig
                0x20000370                cydelay32kMs
                0x20000374                cydelayFreqKhz
                0x20000378                cydelayFreqMhz
                0x2000037c                cydelayFreqHz
 .data          0x20000380        0x8 .\CortexM0\ARM_GCC_541\Debug\Led_Blink_Process.a(CyLFClk.o)
 .data          0x20000388        0xc .\RCOS\Platforms\Cypress\psoc4\lib_psoc4_C_2.0.1_L.0.1.6_release.a(core.o)
                0x20000388                processHiddenMin
 .data          0x20000394        0x8 .\RCOS\Platforms\Cypress\psoc4\lib_psoc4_C_2.0.1_L.0.1.6_release.a(buttons.o)
 .data          0x2000039c        0x8 .\RCOS\Platforms\Cypress\psoc4\lib_psoc4_C_2.0.1_L.0.1.6_release.a(capsense.o)
 .data          0x200003a4        0x8 .\RCOS\Platforms\Cypress\psoc4\lib_psoc4_C_2.0.1_L.0.1.6_release.a(gpio.o)
 .data          0x200003ac        0x8 .\RCOS\Platforms\Cypress\psoc4\lib_psoc4_C_2.0.1_L.0.1.6_release.a(pwm.o)
 .data          0x200003b4        0x8 .\RCOS\Platforms\Cypress\psoc4\lib_psoc4_C_2.0.1_L.0.1.6_release.a(iocomb.o)
 .data          0x200003bc        0x8 .\RCOS\Platforms\Cypress\psoc4\lib_psoc4_C_2.0.1_L.0.1.6_release.a(pattern.o)
 .data.impure_data
                0x200003c4       0x60 c:/program files (x86)/cypress/psoc creator/4.4/psoc creator/import/gnu/arm/5.4.1/bin/../lib/gcc/arm-none-eabi/5.4.1/../../../../arm-none-eabi/lib/armv6-m\libg_nano.a(lib_a-impure.o)
 .data._impure_ptr
                0x20000424        0x4 c:/program files (x86)/cypress/psoc creator/4.4/psoc creator/import/gnu/arm/5.4.1/bin/../lib/gcc/arm-none-eabi/5.4.1/../../../../arm-none-eabi/lib/armv6-m\libg_nano.a(lib_a-impure.o)
                0x20000424                _impure_ptr
                0x20000428                . = ALIGN (0x8)
 *(.ram)
                0x20000428                _edata = .

.igot.plt       0x20000428        0x0 load address 0x000045a8
 .igot.plt      0x20000428        0x0 c:/program files (x86)/cypress/psoc creator/4.4/psoc creator/import/gnu/arm/5.4.1/bin/../lib/gcc/arm-none-eabi/5.4.1/armv6-m/crtbegin.o

.bss            0x20000428      0x710 load address 0x000045a8
                0x20000428                PROVIDE (__bss_start__, .)
 *(.shbss)
 *(.bss .bss.* .gnu.linkonce.b.*)
 .bss           0x20000428       0x1c c:/program files (x86)/cypress/psoc creator/4.4/psoc creator/import/gnu/arm/5.4.1/bin/../lib/gcc/arm-none-eabi/5.4.1/armv6-m/crtbegin.o
 .bss           0x20000444       0x74 .\CortexM0\ARM_GCC_541\Debug\rcos.o
                0x20000444                processUipatternSys
                0x20000448                encoderSys
                0x2000044c                encoderParams
                0x20000450                encCol4Sys
                0x20000454                encCol3Sys
                0x20000458                encCol2Sys
                0x2000045c                encCol1Sys
                0x20000460                sevenSegmentDisplaySys
                0x20000464                sevenSegmentSys
                0x20000468                digit2Sys
                0x2000046c                digit1Sys
                0x20000470                segGSys
                0x20000474                segFSys
                0x20000478                segESys
                0x2000047c                segDSys
                0x20000480                segCSys
                0x20000484                segBSys
                0x20000488                segASys
                0x2000048c                ledGuiSys
                0x20000490                ledP45Sys
                0x20000494                ledP44Sys
                0x20000498                ledP43Sys
                0x2000049c                buzzerDutySys
                0x200004a0                buzzerSys
                0x200004a4                pwmBuzzerCoreSys
                0x200004ac                ioCapsenseSys
                0x200004b0                rcosWdtVars
 .bss           0x200004b8        0x1 .\CortexM0\ARM_GCC_541\Debug\Led_Blink_Process.a(cyCapsense_Control.o)
 *fill*         0x200004b9        0x3 
 .bss           0x200004bc       0x45 .\CortexM0\ARM_GCC_541\Debug\Led_Blink_Process.a(cyCapsense_Structure.o)
 *fill*         0x20000501        0x3 
 .bss           0x20000504        0x4 .\CortexM0\ARM_GCC_541\Debug\Led_Blink_Process.a(cyCapsense_Tuner.o)
 .bss           0x20000508        0x4 .\CortexM0\ARM_GCC_541\Debug\Led_Blink_Process.a(cyCapsense_Sensing.o)
                0x20000508                cyCapsense_currentSenseMethod
                0x20000509                cyCapsense_requestScanAllWidget
                0x2000050a                cyCapsense_widgetIndex
                0x2000050b                cyCapsense_sensorIndex
 .bss           0x2000050c        0x1 .\CortexM0\ARM_GCC_541\Debug\Led_Blink_Process.a(cyCapsense_SensingCSD_LL.o)
 .bss           0x2000050d        0x1 .\CortexM0\ARM_GCC_541\Debug\Led_Blink_Process.a(cyBuzzerPWM.o)
                0x2000050d                cyBuzzerPWM_initVar
 *fill*         0x2000050e        0x2 
 .bss           0x20000510       0x20 .\CortexM0\ARM_GCC_541\Debug\Led_Blink_Process.a(CyLib.o)
                0x20000510                CySysClkImoTrim4
                0x20000514                CySysClkImoTrim5
                0x2000052c                CySysTickInitVar
 .bss           0x20000530       0x28 .\CortexM0\ARM_GCC_541\Debug\Led_Blink_Process.a(CyLFClk.o)
 .bss           0x20000558       0x4c .\RCOS\Platforms\Cypress\psoc4\lib_psoc4_C_2.0.1_L.0.1.6_release.a(core.o)
                0x20000558                coreProcessPresent
                0x20000564                timerGenericList
                0x20000570                timerCallBackList
                0x2000057c                timerEventList
                0x20000588                timerTickCount
                0x2000058c                rcosVersionList
                0x20000594                timerStopWatch
                0x20000598                userVersionList
                0x200005a0                rcosDebugDev
 *(COMMON)
 COMMON         0x200005a4      0x400 .\CortexM0\ARM_GCC_541\Debug\rcos.o
                0x200005a4                eventQueueBuffer
 COMMON         0x200009a4       0x7c .\CortexM0\ARM_GCC_541\Debug\Led_Blink_Process.a(cyCapsense_Structure.o)
                0x200009a4                cyCapsense_dsRam
 COMMON         0x20000a20        0x8 .\CortexM0\ARM_GCC_541\Debug\Led_Blink_Process.a(cyCapsense_Sensing.o)
                0x20000a20                cyCapsense_curSnsIOPtr
                0x20000a24                cyCapsense_curRamSnsPtr
 COMMON         0x20000a28      0x10c .\RCOS\Platforms\Cypress\psoc4\lib_psoc4_C_2.0.1_L.0.1.6_release.a(core.o)
                0x20000a28                coreSysResetInfo
                0x20000a30                eventCurrent
                0x20000a34                eventData
                0x20000b38                . = ALIGN (0x8)
 *fill*         0x20000b34        0x4 
 *(.ram.b)
                0x20000b38                _end = .
                0x20000b38                __end = .
                0x20000b38                PROVIDE (end, .)
                0x20000b38                PROVIDE (__bss_end__, .)
                0x00004240                __cy_region_init_ram = LOADADDR (.data)
                0x00000368                __cy_region_init_size_ram = (_edata - ADDR (.data))
                0x00000710                __cy_region_zero_size_ram = (_end - _edata)

.heap           0x20000b38       0x80 load address 0x000045a8
                0x20000b38                . = _end
                0x20000bb8                . = (. + 0x80)
 *fill*         0x20000b38       0x80 
                0x20000bb8                __cy_heap_limit = .

.stack          0x20007800      0x800
                0x20007800                __cy_stack_limit = .
                0x20008000                . = (. + 0x800)
 *fill*         0x20007800      0x800 
                0x00000001                ASSERT ((__cy_stack_limit >= __cy_heap_limit), region RAM overflowed with stack)
                0x00000000                cy_checksum_exclude_size = (CY_APPL_LOADABLE == 0x1)?SIZEOF (.cy_checksum_exclude):0x0
                0x00000001                ASSERT ((cy_checksum_exclude_size <= CY_CHECKSUM_EXCLUDE_SIZE), CY_BOOT: Section .cy_checksum_exclude size exceedes specified limit.)
                0x0003ffc0                cyloadermeta_start = (cy_project_type_bootloader || cy_project_type_app_for_stack_and_copier)?(LENGTH (rom) - CY_METADATA_SIZE):0xf0000000

.cyloadermeta
 *(.cyloadermeta)
                0x0003ffc0                cyloadablemeta_start = cy_project_type_app_for_stack_and_copier?((LENGTH (rom) - CY_FLASH_ROW_SIZE) - CY_METADATA_SIZE):((LENGTH (rom) - (CY_FLASH_ROW_SIZE * (CY_APPL_NUM - 0x1))) - CY_METADATA_SIZE)

.cyloadablemeta
 *(.cyloadablemeta)

.cyflashprotect
                0x90400000       0x80
 *(.cyflashprotect)
 .cyflashprotect
                0x90400000       0x80 .\CortexM0\ARM_GCC_541\Debug\cymetadata.o
                0x90400000                cy_meta_flashprotect

.cymeta         0x90500000        0xc
 *(.cymeta)
 .cymeta        0x90500000        0xc .\CortexM0\ARM_GCC_541\Debug\cymetadata.o
                0x90500000                cy_metadata

.cychipprotect  0x90600000        0x1
 *(.cychipprotect)
 .cychipprotect
                0x90600000        0x1 .\CortexM0\ARM_GCC_541\Debug\cymetadata.o
                0x90600000                cy_meta_chipprotect

.rel.dyn        0x000045a8        0x0 load address 0x90600004
 .rel.iplt      0x000045a8        0x0 c:/program files (x86)/cypress/psoc creator/4.4/psoc creator/import/gnu/arm/5.4.1/bin/../lib/gcc/arm-none-eabi/5.4.1/armv6-m/crtbegin.o

.stab
 *(.stab)

.stabstr
 *(.stabstr)

.debug
 *(.debug)

.line
 *(.line)

.debug_srcinfo
 *(.debug_srcinfo)

.debug_sfnames
 *(.debug_sfnames)

.debug_aranges  0x00000000     0x1638
 *(.debug_aranges)
 .debug_aranges
                0x00000000       0x60 .\CortexM0\ARM_GCC_541\Debug\platform.o
 .debug_aranges
                0x00000060       0x58 .\CortexM0\ARM_GCC_541\Debug\sevensegmentdisplay.o
 .debug_aranges
                0x000000b8       0x38 .\CortexM0\ARM_GCC_541\Debug\encoder.o
 .debug_aranges
                0x000000f0       0x50 .\CortexM0\ARM_GCC_541\Debug\process_ui.o
 .debug_aranges
                0x00000140       0x40 .\CortexM0\ARM_GCC_541\Debug\greenledprocess.o
 .debug_aranges
                0x00000180       0x40 .\CortexM0\ARM_GCC_541\Debug\redledprocess.o
 .debug_aranges
                0x000001c0       0x20 .\CortexM0\ARM_GCC_541\Debug\main.o
 .debug_aranges
                0x000001e0       0x40 .\CortexM0\ARM_GCC_541\Debug\rcos.o
 .debug_aranges
                0x00000220       0x48 .\CortexM0\ARM_GCC_541\Debug\cyfitter_cfg.o
 .debug_aranges
                0x00000268       0x18 .\CortexM0\ARM_GCC_541\Debug\cymetadata.o
 .debug_aranges
                0x00000280       0x48 .\CortexM0\ARM_GCC_541\Debug\Cm0Start.o
 .debug_aranges
                0x000002c8       0x68 .\CortexM0\ARM_GCC_541\Debug\Led_Blink_Process.a(cyCapsense_Control.o)
 .debug_aranges
                0x00000330       0x50 .\CortexM0\ARM_GCC_541\Debug\Led_Blink_Process.a(cyCapsense_Processing.o)
 .debug_aranges
                0x00000380       0x50 .\CortexM0\ARM_GCC_541\Debug\Led_Blink_Process.a(cyCapsense_Structure.o)
 .debug_aranges
                0x000003d0       0x28 .\CortexM0\ARM_GCC_541\Debug\Led_Blink_Process.a(cyCapsense_Tuner.o)
 .debug_aranges
                0x000003f8       0xc0 .\CortexM0\ARM_GCC_541\Debug\Led_Blink_Process.a(cyCapsense_Filter.o)
 .debug_aranges
                0x000004b8       0xd8 .\CortexM0\ARM_GCC_541\Debug\Led_Blink_Process.a(cyCapsense_Sensing.o)
 .debug_aranges
                0x00000590       0xb0 .\CortexM0\ARM_GCC_541\Debug\Led_Blink_Process.a(cyCapsense_SensingCSD_LL.o)
 .debug_aranges
                0x00000640       0x48 .\CortexM0\ARM_GCC_541\Debug\Led_Blink_Process.a(cyLed_p43.o)
 .debug_aranges
                0x00000688       0x48 .\CortexM0\ARM_GCC_541\Debug\Led_Blink_Process.a(cyLed_p44.o)
 .debug_aranges
                0x000006d0       0x48 .\CortexM0\ARM_GCC_541\Debug\Led_Blink_Process.a(cyLed_p45.o)
 .debug_aranges
                0x00000718      0x158 .\CortexM0\ARM_GCC_541\Debug\Led_Blink_Process.a(cyBuzzerPWM.o)
 .debug_aranges
                0x00000870       0x48 .\CortexM0\ARM_GCC_541\Debug\Led_Blink_Process.a(cySegA_p20.o)
 .debug_aranges
                0x000008b8       0x48 .\CortexM0\ARM_GCC_541\Debug\Led_Blink_Process.a(cySegB_p21.o)
 .debug_aranges
                0x00000900       0x48 .\CortexM0\ARM_GCC_541\Debug\Led_Blink_Process.a(cySegC_p22.o)
 .debug_aranges
                0x00000948       0x48 .\CortexM0\ARM_GCC_541\Debug\Led_Blink_Process.a(cySegD_p23.o)
 .debug_aranges
                0x00000990       0x48 .\CortexM0\ARM_GCC_541\Debug\Led_Blink_Process.a(cySegE_p24.o)
 .debug_aranges
                0x000009d8       0x48 .\CortexM0\ARM_GCC_541\Debug\Led_Blink_Process.a(cySegF_p25.o)
 .debug_aranges
                0x00000a20       0x48 .\CortexM0\ARM_GCC_541\Debug\Led_Blink_Process.a(cySegG_p26.o)
 .debug_aranges
                0x00000a68       0x48 .\CortexM0\ARM_GCC_541\Debug\Led_Blink_Process.a(cyDigit1_p34.o)
 .debug_aranges
                0x00000ab0       0x48 .\CortexM0\ARM_GCC_541\Debug\Led_Blink_Process.a(cyDigit2_p35.o)
 .debug_aranges
                0x00000af8       0x48 .\CortexM0\ARM_GCC_541\Debug\Led_Blink_Process.a(cyCol1_p03.o)
 .debug_aranges
                0x00000b40       0x48 .\CortexM0\ARM_GCC_541\Debug\Led_Blink_Process.a(cyCol2_p02.o)
 .debug_aranges
                0x00000b88       0x48 .\CortexM0\ARM_GCC_541\Debug\Led_Blink_Process.a(cyCol3_p01.o)
 .debug_aranges
                0x00000bd0       0x48 .\CortexM0\ARM_GCC_541\Debug\Led_Blink_Process.a(cyCol4_p00.o)
 .debug_aranges
                0x00000c18       0x80 .\CortexM0\ARM_GCC_541\Debug\Led_Blink_Process.a(cyCapsense_ISR.o)
 .debug_aranges
                0x00000c98      0x260 .\CortexM0\ARM_GCC_541\Debug\Led_Blink_Process.a(CyLib.o)
 .debug_aranges
                0x00000ef8      0x188 .\CortexM0\ARM_GCC_541\Debug\Led_Blink_Process.a(CyLFClk.o)
 .debug_aranges
                0x00001080       0x20 .\CortexM0\ARM_GCC_541\Debug\Led_Blink_Process.a(CyBootAsmGnu.o)
 .debug_aranges
                0x000010a0       0x38 .\CortexM0\ARM_GCC_541\Debug\Led_Blink_Process.a(cyCapsense_INT.o)
 .debug_aranges
                0x000010d8       0x40 .\CortexM0\ARM_GCC_541\Debug\Led_Blink_Process.a(CyFlash.o)
 .debug_aranges
                0x00001118       0x30 C:\Program Files (x86)\Cypress\PSoC Creator\4.4\PSoC Creator\psoc\content\CyComponentLibrary\CyComponentLibrary.cylib\CapSense_P4_v6_0\PSoC4\Library\Capsense_P4Library_GCC.a(CapSense_SmartSense_LL.o)
 .debug_aranges
                0x00001148       0x30 C:\Program Files (x86)\Cypress\PSoC Creator\4.4\PSoC Creator\psoc\content\CyComponentLibrary\CyComponentLibrary.cylib\CapSense_P4_v6_0\PSoC4\Library\Capsense_P4Library_GCC.a(CapSense_SmartSense_SL.o)
 .debug_aranges
                0x00001178       0xc0 .\RCOS\Platforms\Cypress\psoc4\lib_psoc4_C_2.0.1_L.0.1.6_release.a(core.o)
 .debug_aranges
                0x00001238       0x88 .\RCOS\Platforms\Cypress\psoc4\lib_psoc4_C_2.0.1_L.0.1.6_release.a(deque.o)
 .debug_aranges
                0x000012c0       0x80 .\RCOS\Platforms\Cypress\psoc4\lib_psoc4_C_2.0.1_L.0.1.6_release.a(list_dl.o)
 .debug_aranges
                0x00001340       0x30 .\RCOS\Platforms\Cypress\psoc4\lib_psoc4_C_2.0.1_L.0.1.6_release.a(version.o)
 .debug_aranges
                0x00001370       0x38 .\RCOS\Platforms\Cypress\psoc4\lib_psoc4_C_2.0.1_L.0.1.6_release.a(buttons.o)
 .debug_aranges
                0x000013a8       0x38 .\RCOS\Platforms\Cypress\psoc4\lib_psoc4_C_2.0.1_L.0.1.6_release.a(capsense.o)
 .debug_aranges
                0x000013e0       0x38 .\RCOS\Platforms\Cypress\psoc4\lib_psoc4_C_2.0.1_L.0.1.6_release.a(gpio.o)
 .debug_aranges
                0x00001418       0x50 .\RCOS\Platforms\Cypress\psoc4\lib_psoc4_C_2.0.1_L.0.1.6_release.a(pwm.o)
 .debug_aranges
                0x00001468       0xe0 .\RCOS\Platforms\Cypress\psoc4\lib_psoc4_C_2.0.1_L.0.1.6_release.a(dev.o)
 .debug_aranges
                0x00001548       0x38 .\RCOS\Platforms\Cypress\psoc4\lib_psoc4_C_2.0.1_L.0.1.6_release.a(iocomb.o)
 .debug_aranges
                0x00001580       0x40 .\RCOS\Platforms\Cypress\psoc4\lib_psoc4_C_2.0.1_L.0.1.6_release.a(pattern.o)
 .debug_aranges
                0x000015c0       0x78 .\RCOS\Platforms\Cypress\psoc4\lib_psoc4_C_2.0.1_L.0.1.6_release.a(list_sl.o)

.debug_pubnames
 *(.debug_pubnames)

.debug_info     0x00000000    0x16f21
 *(.debug_info .gnu.linkonce.wi.*)
 .debug_info    0x00000000      0x4ac .\CortexM0\ARM_GCC_541\Debug\platform.o
 .debug_info    0x000004ac      0xade .\CortexM0\ARM_GCC_541\Debug\sevensegmentdisplay.o
 .debug_info    0x00000f8a      0x489 .\CortexM0\ARM_GCC_541\Debug\encoder.o
 .debug_info    0x00001413      0xd87 .\CortexM0\ARM_GCC_541\Debug\process_ui.o
 .debug_info    0x0000219a      0x87b .\CortexM0\ARM_GCC_541\Debug\greenledprocess.o
 .debug_info    0x00002a15      0x87b .\CortexM0\ARM_GCC_541\Debug\redledprocess.o
 .debug_info    0x00003290       0xf8 .\CortexM0\ARM_GCC_541\Debug\main.o
 .debug_info    0x00003388     0x18c4 .\CortexM0\ARM_GCC_541\Debug\rcos.o
 .debug_info    0x00004c4c      0x405 .\CortexM0\ARM_GCC_541\Debug\cyfitter_cfg.o
 .debug_info    0x00005051       0xf8 .\CortexM0\ARM_GCC_541\Debug\cymetadata.o
 .debug_info    0x00005149      0x3a2 .\CortexM0\ARM_GCC_541\Debug\Cm0Start.o
 .debug_info    0x000054eb      0xa60 .\CortexM0\ARM_GCC_541\Debug\Led_Blink_Process.a(cyCapsense_Control.o)
 .debug_info    0x00005f4b      0xc10 .\CortexM0\ARM_GCC_541\Debug\Led_Blink_Process.a(cyCapsense_Processing.o)
 .debug_info    0x00006b5b      0xb3b .\CortexM0\ARM_GCC_541\Debug\Led_Blink_Process.a(cyCapsense_Structure.o)
 .debug_info    0x00007696      0x682 .\CortexM0\ARM_GCC_541\Debug\Led_Blink_Process.a(cyCapsense_Tuner.o)
 .debug_info    0x00007d18      0xd20 .\CortexM0\ARM_GCC_541\Debug\Led_Blink_Process.a(cyCapsense_Filter.o)
 .debug_info    0x00008a38      0xfd1 .\CortexM0\ARM_GCC_541\Debug\Led_Blink_Process.a(cyCapsense_Sensing.o)
 .debug_info    0x00009a09      0xf4f .\CortexM0\ARM_GCC_541\Debug\Led_Blink_Process.a(cyCapsense_SensingCSD_LL.o)
 .debug_info    0x0000a958      0x19d .\CortexM0\ARM_GCC_541\Debug\Led_Blink_Process.a(cyLed_p43.o)
 .debug_info    0x0000aaf5      0x19d .\CortexM0\ARM_GCC_541\Debug\Led_Blink_Process.a(cyLed_p44.o)
 .debug_info    0x0000ac92      0x19d .\CortexM0\ARM_GCC_541\Debug\Led_Blink_Process.a(cyLed_p45.o)
 .debug_info    0x0000ae2f      0x909 .\CortexM0\ARM_GCC_541\Debug\Led_Blink_Process.a(cyBuzzerPWM.o)
 .debug_info    0x0000b738      0x19b .\CortexM0\ARM_GCC_541\Debug\Led_Blink_Process.a(cySegA_p20.o)
 .debug_info    0x0000b8d3      0x19d .\CortexM0\ARM_GCC_541\Debug\Led_Blink_Process.a(cySegB_p21.o)
 .debug_info    0x0000ba70      0x19d .\CortexM0\ARM_GCC_541\Debug\Led_Blink_Process.a(cySegC_p22.o)
 .debug_info    0x0000bc0d      0x19d .\CortexM0\ARM_GCC_541\Debug\Led_Blink_Process.a(cySegD_p23.o)
 .debug_info    0x0000bdaa      0x19d .\CortexM0\ARM_GCC_541\Debug\Led_Blink_Process.a(cySegE_p24.o)
 .debug_info    0x0000bf47      0x19d .\CortexM0\ARM_GCC_541\Debug\Led_Blink_Process.a(cySegF_p25.o)
 .debug_info    0x0000c0e4      0x19d .\CortexM0\ARM_GCC_541\Debug\Led_Blink_Process.a(cySegG_p26.o)
 .debug_info    0x0000c281      0x19d .\CortexM0\ARM_GCC_541\Debug\Led_Blink_Process.a(cyDigit1_p34.o)
 .debug_info    0x0000c41e      0x19d .\CortexM0\ARM_GCC_541\Debug\Led_Blink_Process.a(cyDigit2_p35.o)
 .debug_info    0x0000c5bb      0x19d .\CortexM0\ARM_GCC_541\Debug\Led_Blink_Process.a(cyCol1_p03.o)
 .debug_info    0x0000c758      0x19d .\CortexM0\ARM_GCC_541\Debug\Led_Blink_Process.a(cyCol2_p02.o)
 .debug_info    0x0000c8f5      0x19d .\CortexM0\ARM_GCC_541\Debug\Led_Blink_Process.a(cyCol3_p01.o)
 .debug_info    0x0000ca92      0x19b .\CortexM0\ARM_GCC_541\Debug\Led_Blink_Process.a(cyCol4_p00.o)
 .debug_info    0x0000cc2d      0x305 .\CortexM0\ARM_GCC_541\Debug\Led_Blink_Process.a(cyCapsense_ISR.o)
 .debug_info    0x0000cf32     0x17a0 .\CortexM0\ARM_GCC_541\Debug\Led_Blink_Process.a(CyLib.o)
 .debug_info    0x0000e6d2     0x1058 .\CortexM0\ARM_GCC_541\Debug\Led_Blink_Process.a(CyLFClk.o)
 .debug_info    0x0000f72a       0x92 .\CortexM0\ARM_GCC_541\Debug\Led_Blink_Process.a(CyBootAsmGnu.o)
 .debug_info    0x0000f7bc      0x6df .\CortexM0\ARM_GCC_541\Debug\Led_Blink_Process.a(cyCapsense_INT.o)
 .debug_info    0x0000fe9b      0x352 .\CortexM0\ARM_GCC_541\Debug\Led_Blink_Process.a(CyFlash.o)
 .debug_info    0x000101ed      0x204 C:\Program Files (x86)\Cypress\PSoC Creator\4.4\PSoC Creator\psoc\content\CyComponentLibrary\CyComponentLibrary.cylib\CapSense_P4_v6_0\PSoC4\Library\Capsense_P4Library_GCC.a(CapSense_SmartSense_LL.o)
 .debug_info    0x000103f1      0x24f C:\Program Files (x86)\Cypress\PSoC Creator\4.4\PSoC Creator\psoc\content\CyComponentLibrary\CyComponentLibrary.cylib\CapSense_P4_v6_0\PSoC4\Library\Capsense_P4Library_GCC.a(CapSense_SmartSense_SL.o)
 .debug_info    0x00010640     0x17b9 .\RCOS\Platforms\Cypress\psoc4\lib_psoc4_C_2.0.1_L.0.1.6_release.a(core.o)
 .debug_info    0x00011df9      0x8e7 .\RCOS\Platforms\Cypress\psoc4\lib_psoc4_C_2.0.1_L.0.1.6_release.a(deque.o)
 .debug_info    0x000126e0      0x7d6 .\RCOS\Platforms\Cypress\psoc4\lib_psoc4_C_2.0.1_L.0.1.6_release.a(list_dl.o)
 .debug_info    0x00012eb6      0x294 .\RCOS\Platforms\Cypress\psoc4\lib_psoc4_C_2.0.1_L.0.1.6_release.a(version.o)
 .debug_info    0x0001314a      0x882 .\RCOS\Platforms\Cypress\psoc4\lib_psoc4_C_2.0.1_L.0.1.6_release.a(buttons.o)
 .debug_info    0x000139cc      0x666 .\RCOS\Platforms\Cypress\psoc4\lib_psoc4_C_2.0.1_L.0.1.6_release.a(capsense.o)
 .debug_info    0x00014032      0x4a7 .\RCOS\Platforms\Cypress\psoc4\lib_psoc4_C_2.0.1_L.0.1.6_release.a(gpio.o)
 .debug_info    0x000144d9      0x7ca .\RCOS\Platforms\Cypress\psoc4\lib_psoc4_C_2.0.1_L.0.1.6_release.a(pwm.o)
 .debug_info    0x00014ca3     0x10f5 .\RCOS\Platforms\Cypress\psoc4\lib_psoc4_C_2.0.1_L.0.1.6_release.a(dev.o)
 .debug_info    0x00015d98      0x5a2 .\RCOS\Platforms\Cypress\psoc4\lib_psoc4_C_2.0.1_L.0.1.6_release.a(iocomb.o)
 .debug_info    0x0001633a      0x6ee .\RCOS\Platforms\Cypress\psoc4\lib_psoc4_C_2.0.1_L.0.1.6_release.a(pattern.o)
 .debug_info    0x00016a28      0x4f9 .\RCOS\Platforms\Cypress\psoc4\lib_psoc4_C_2.0.1_L.0.1.6_release.a(list_sl.o)

.debug_abbrev   0x00000000     0x5308
 *(.debug_abbrev)
 .debug_abbrev  0x00000000      0x1f1 .\CortexM0\ARM_GCC_541\Debug\platform.o
 .debug_abbrev  0x000001f1      0x255 .\CortexM0\ARM_GCC_541\Debug\sevensegmentdisplay.o
 .debug_abbrev  0x00000446      0x176 .\CortexM0\ARM_GCC_541\Debug\encoder.o
 .debug_abbrev  0x000005bc      0x28f .\CortexM0\ARM_GCC_541\Debug\process_ui.o
 .debug_abbrev  0x0000084b      0x20c .\CortexM0\ARM_GCC_541\Debug\greenledprocess.o
 .debug_abbrev  0x00000a57      0x20c .\CortexM0\ARM_GCC_541\Debug\redledprocess.o
 .debug_abbrev  0x00000c63       0x99 .\CortexM0\ARM_GCC_541\Debug\main.o
 .debug_abbrev  0x00000cfc      0x1c6 .\CortexM0\ARM_GCC_541\Debug\rcos.o
 .debug_abbrev  0x00000ec2      0x1cf .\CortexM0\ARM_GCC_541\Debug\cyfitter_cfg.o
 .debug_abbrev  0x00001091       0x5d .\CortexM0\ARM_GCC_541\Debug\cymetadata.o
 .debug_abbrev  0x000010ee      0x1d7 .\CortexM0\ARM_GCC_541\Debug\Cm0Start.o
 .debug_abbrev  0x000012c5      0x20b .\CortexM0\ARM_GCC_541\Debug\Led_Blink_Process.a(cyCapsense_Control.o)
 .debug_abbrev  0x000014d0      0x1c2 .\CortexM0\ARM_GCC_541\Debug\Led_Blink_Process.a(cyCapsense_Processing.o)
 .debug_abbrev  0x00001692      0x1ff .\CortexM0\ARM_GCC_541\Debug\Led_Blink_Process.a(cyCapsense_Structure.o)
 .debug_abbrev  0x00001891      0x166 .\CortexM0\ARM_GCC_541\Debug\Led_Blink_Process.a(cyCapsense_Tuner.o)
 .debug_abbrev  0x000019f7      0x23a .\CortexM0\ARM_GCC_541\Debug\Led_Blink_Process.a(cyCapsense_Filter.o)
 .debug_abbrev  0x00001c31      0x230 .\CortexM0\ARM_GCC_541\Debug\Led_Blink_Process.a(cyCapsense_Sensing.o)
 .debug_abbrev  0x00001e61      0x28d .\CortexM0\ARM_GCC_541\Debug\Led_Blink_Process.a(cyCapsense_SensingCSD_LL.o)
 .debug_abbrev  0x000020ee       0xc8 .\CortexM0\ARM_GCC_541\Debug\Led_Blink_Process.a(cyLed_p43.o)
 .debug_abbrev  0x000021b6       0xc8 .\CortexM0\ARM_GCC_541\Debug\Led_Blink_Process.a(cyLed_p44.o)
 .debug_abbrev  0x0000227e       0xc8 .\CortexM0\ARM_GCC_541\Debug\Led_Blink_Process.a(cyLed_p45.o)
 .debug_abbrev  0x00002346      0x119 .\CortexM0\ARM_GCC_541\Debug\Led_Blink_Process.a(cyBuzzerPWM.o)
 .debug_abbrev  0x0000245f       0xc8 .\CortexM0\ARM_GCC_541\Debug\Led_Blink_Process.a(cySegA_p20.o)
 .debug_abbrev  0x00002527       0xc8 .\CortexM0\ARM_GCC_541\Debug\Led_Blink_Process.a(cySegB_p21.o)
 .debug_abbrev  0x000025ef       0xc8 .\CortexM0\ARM_GCC_541\Debug\Led_Blink_Process.a(cySegC_p22.o)
 .debug_abbrev  0x000026b7       0xc8 .\CortexM0\ARM_GCC_541\Debug\Led_Blink_Process.a(cySegD_p23.o)
 .debug_abbrev  0x0000277f       0xc8 .\CortexM0\ARM_GCC_541\Debug\Led_Blink_Process.a(cySegE_p24.o)
 .debug_abbrev  0x00002847       0xc8 .\CortexM0\ARM_GCC_541\Debug\Led_Blink_Process.a(cySegF_p25.o)
 .debug_abbrev  0x0000290f       0xc8 .\CortexM0\ARM_GCC_541\Debug\Led_Blink_Process.a(cySegG_p26.o)
 .debug_abbrev  0x000029d7       0xc8 .\CortexM0\ARM_GCC_541\Debug\Led_Blink_Process.a(cyDigit1_p34.o)
 .debug_abbrev  0x00002a9f       0xc8 .\CortexM0\ARM_GCC_541\Debug\Led_Blink_Process.a(cyDigit2_p35.o)
 .debug_abbrev  0x00002b67       0xc8 .\CortexM0\ARM_GCC_541\Debug\Led_Blink_Process.a(cyCol1_p03.o)
 .debug_abbrev  0x00002c2f       0xc8 .\CortexM0\ARM_GCC_541\Debug\Led_Blink_Process.a(cyCol2_p02.o)
 .debug_abbrev  0x00002cf7       0xc8 .\CortexM0\ARM_GCC_541\Debug\Led_Blink_Process.a(cyCol3_p01.o)
 .debug_abbrev  0x00002dbf       0xc8 .\CortexM0\ARM_GCC_541\Debug\Led_Blink_Process.a(cyCol4_p00.o)
 .debug_abbrev  0x00002e87      0x19a .\CortexM0\ARM_GCC_541\Debug\Led_Blink_Process.a(cyCapsense_ISR.o)
 .debug_abbrev  0x00003021      0x27b .\CortexM0\ARM_GCC_541\Debug\Led_Blink_Process.a(CyLib.o)
 .debug_abbrev  0x0000329c      0x248 .\CortexM0\ARM_GCC_541\Debug\Led_Blink_Process.a(CyLFClk.o)
 .debug_abbrev  0x000034e4       0x14 .\CortexM0\ARM_GCC_541\Debug\Led_Blink_Process.a(CyBootAsmGnu.o)
 .debug_abbrev  0x000034f8      0x17f .\CortexM0\ARM_GCC_541\Debug\Led_Blink_Process.a(cyCapsense_INT.o)
 .debug_abbrev  0x00003677      0x182 .\CortexM0\ARM_GCC_541\Debug\Led_Blink_Process.a(CyFlash.o)